Archive member included to satisfy reference by file (symbol)

/usr/local/mcuxpressoide-11.5.0_7232/ide/plugins/com.nxp.mcuxpresso.tools.linux_11.5.0.202107051138/tools/bin/../lib/gcc/arm-none-eabi/10.3.1/../../../../arm-none-eabi/lib/thumb/v7e-m+fp/hard/libcr_nohost_nf.a(_cr__main.o)
                              ./startup/startup_mk64f12.o (__main)
/usr/local/mcuxpressoide-11.5.0_7232/ide/plugins/com.nxp.mcuxpresso.tools.linux_11.5.0.202107051138/tools/bin/../lib/gcc/arm-none-eabi/10.3.1/../../../../arm-none-eabi/lib/thumb/v7e-m+fp/hard/libcr_nohost_nf.a(_cr_assert.o)
                              ./drivers/fsl_adc16.o (__assertion_failed)
/usr/local/mcuxpressoide-11.5.0_7232/ide/plugins/com.nxp.mcuxpresso.tools.linux_11.5.0.202107051138/tools/bin/../lib/gcc/arm-none-eabi/10.3.1/../../../../arm-none-eabi/lib/thumb/v7e-m+fp/hard/libcr_nohost_nf.a(__ciob.o)
                              /usr/local/mcuxpressoide-11.5.0_7232/ide/plugins/com.nxp.mcuxpresso.tools.linux_11.5.0.202107051138/tools/bin/../lib/gcc/arm-none-eabi/10.3.1/../../../../arm-none-eabi/lib/thumb/v7e-m+fp/hard/libcr_nohost_nf.a(_cr_assert.o) (__Ciob)
/usr/local/mcuxpressoide-11.5.0_7232/ide/plugins/com.nxp.mcuxpresso.tools.linux_11.5.0.202107051138/tools/bin/../lib/gcc/arm-none-eabi/10.3.1/../../../../arm-none-eabi/lib/thumb/v7e-m+fp/hard/libcr_nohost_nf.a(__sys_appexit.o)
                              /usr/local/mcuxpressoide-11.5.0_7232/ide/plugins/com.nxp.mcuxpresso.tools.linux_11.5.0.202107051138/tools/bin/../lib/gcc/arm-none-eabi/10.3.1/../../../../arm-none-eabi/lib/thumb/v7e-m+fp/hard/libcr_nohost_nf.a(_cr_assert.o) (__sys_appexit)
/usr/local/mcuxpressoide-11.5.0_7232/ide/plugins/com.nxp.mcuxpresso.tools.linux_11.5.0.202107051138/tools/bin/../lib/gcc/arm-none-eabi/10.3.1/../../../../arm-none-eabi/lib/thumb/v7e-m+fp/hard/libcr_c.a(memcpy.o)
                              ./utilities/fsl_str.o (memcpy)
/usr/local/mcuxpressoide-11.5.0_7232/ide/plugins/com.nxp.mcuxpresso.tools.linux_11.5.0.202107051138/tools/bin/../lib/gcc/arm-none-eabi/10.3.1/../../../../arm-none-eabi/lib/thumb/v7e-m+fp/hard/libcr_c.a(memset.o)
                              ./utilities/fsl_debug_console.o (memset)
/usr/local/mcuxpressoide-11.5.0_7232/ide/plugins/com.nxp.mcuxpresso.tools.linux_11.5.0.202107051138/tools/bin/../lib/gcc/arm-none-eabi/10.3.1/../../../../arm-none-eabi/lib/thumb/v7e-m+fp/hard/libcr_c.a(_deferredlazyseek.o)
                              /usr/local/mcuxpressoide-11.5.0_7232/ide/plugins/com.nxp.mcuxpresso.tools.linux_11.5.0.202107051138/tools/bin/../lib/gcc/arm-none-eabi/10.3.1/../../../../arm-none-eabi/lib/thumb/v7e-m+fp/hard/libcr_nohost_nf.a(_cr_assert.o) (__flsbuf)
/usr/local/mcuxpressoide-11.5.0_7232/ide/plugins/com.nxp.mcuxpresso.tools.linux_11.5.0.202107051138/tools/bin/../lib/gcc/arm-none-eabi/10.3.1/../../../../arm-none-eabi/lib/thumb/v7e-m+fp/hard/libcr_c.a(_fflush.o)
                              /usr/local/mcuxpressoide-11.5.0_7232/ide/plugins/com.nxp.mcuxpresso.tools.linux_11.5.0.202107051138/tools/bin/../lib/gcc/arm-none-eabi/10.3.1/../../../../arm-none-eabi/lib/thumb/v7e-m+fp/hard/libcr_c.a(_deferredlazyseek.o) (_fflush)
/usr/local/mcuxpressoide-11.5.0_7232/ide/plugins/com.nxp.mcuxpresso.tools.linux_11.5.0.202107051138/tools/bin/../lib/gcc/arm-none-eabi/10.3.1/../../../../arm-none-eabi/lib/thumb/v7e-m+fp/hard/libcr_c.a(_writebuf.o)
                              /usr/local/mcuxpressoide-11.5.0_7232/ide/plugins/com.nxp.mcuxpresso.tools.linux_11.5.0.202107051138/tools/bin/../lib/gcc/arm-none-eabi/10.3.1/../../../../arm-none-eabi/lib/thumb/v7e-m+fp/hard/libcr_c.a(_deferredlazyseek.o) (_Cwritebuf)
/usr/local/mcuxpressoide-11.5.0_7232/ide/plugins/com.nxp.mcuxpresso.tools.linux_11.5.0.202107051138/tools/bin/../lib/gcc/arm-none-eabi/10.3.1/../../../../arm-none-eabi/lib/thumb/v7e-m+fp/hard/libcr_c.a(alloc.o)
                              ./drivers/fsl_common.o (malloc)
/usr/local/mcuxpressoide-11.5.0_7232/ide/plugins/com.nxp.mcuxpresso.tools.linux_11.5.0.202107051138/tools/bin/../lib/gcc/arm-none-eabi/10.3.1/../../../../arm-none-eabi/lib/thumb/v7e-m+fp/hard/libcr_c.a(errno.o)
                              ./utilities/fsl_str.o (errno)
/usr/local/mcuxpressoide-11.5.0_7232/ide/plugins/com.nxp.mcuxpresso.tools.linux_11.5.0.202107051138/tools/bin/../lib/gcc/arm-none-eabi/10.3.1/../../../../arm-none-eabi/lib/thumb/v7e-m+fp/hard/libcr_c.a(fputs.o)
                              /usr/local/mcuxpressoide-11.5.0_7232/ide/plugins/com.nxp.mcuxpresso.tools.linux_11.5.0.202107051138/tools/bin/../lib/gcc/arm-none-eabi/10.3.1/../../../../arm-none-eabi/lib/thumb/v7e-m+fp/hard/libcr_nohost_nf.a(_cr_assert.o) (fputs)
/usr/local/mcuxpressoide-11.5.0_7232/ide/plugins/com.nxp.mcuxpresso.tools.linux_11.5.0.202107051138/tools/bin/../lib/gcc/arm-none-eabi/10.3.1/../../../../arm-none-eabi/lib/thumb/v7e-m+fp/hard/libcr_c.a(fseek.o)
[...]
Memory Configuration

Name             Origin             Length             Attributes
PROGRAM_FLASH    0x0000000000000000 0x0000000000100000 xr
SRAM_UPPER       0x0000000020000000 0x0000000000030000 xrw
SRAM_LOWER       0x000000001fff0000 0x0000000000010000 xrw
FLEX_RAM         0x0000000014000000 0x0000000000001000 xrw
*default*        0x0000000000000000 0xffffffffffffffff

Linker script and memory map

LOAD ./utilities/fsl_debug_console.o
LOAD ./utilities/fsl_str.o
LOAD ./startup/startup_mk64f12.o
LOAD ./source/DAC.o
LOAD ./source/UART.o
LOAD ./source/main.o
LOAD ./source/semihost_hardfault.o
LOAD ./drivers/fsl_adc16.o
LOAD ./drivers/fsl_clock.o
LOAD ./drivers/fsl_common.o
LOAD ./drivers/fsl_common_arm.o
LOAD ./drivers/fsl_dac.o
LOAD ./drivers/fsl_gpio.o
LOAD ./drivers/fsl_i2c.o
LOAD ./drivers/fsl_smc.o
LOAD ./drivers/fsl_uart.o
LOAD ./device/system_MK64F12.o
LOAD ./component/uart/fsl_adapter_uart.o
LOAD ./component/serial_manager/fsl_component_serial_manager.o
LOAD ./component/serial_manager/fsl_component_serial_port_uart.o
LOAD ./component/lists/fsl_component_generic_list.o
LOAD ./board/board.o
LOAD ./board/clock_config.o
LOAD ./board/peripherals.o
LOAD ./board/pin_mux.o
START GROUP
LOAD /usr/local/mcuxpressoide-11.5.0_7232/ide/plugins/com.nxp.mcuxpresso.tools.linux_11.5.0.202107051138/tools/bin/../lib/gcc/arm-none-eabi/10.3.1/../../../../arm-none-eabi/lib/thumb/v7e-m+fp/hard/libcr_nohost_nf.a
LOAD /usr/local/mcuxpressoide-11.5.0_7232/ide/plugins/com.nxp.mcuxpresso.tools.linux_11.5.0.202107051138/tools/bin/../lib/gcc/arm-none-eabi/10.3.1/../../../../arm-none-eabi/lib/thumb/v7e-m+fp/hard/libcr_c.a
LOAD /usr/local/mcuxpressoide-11.5.0_7232/ide/plugins/com.nxp.mcuxpresso.tools.linux_11.5.0.202107051138/tools/bin/../lib/gcc/arm-none-eabi/10.3.1/thumb/v7e-m+fp/hard/libcr_eabihelpers.a
LOAD /usr/local/mcuxpressoide-11.5.0_7232/ide/plugins/com.nxp.mcuxpresso.tools.linux_11.5.0.202107051138/tools/bin/../lib/gcc/arm-none-eabi/10.3.1/thumb/v7e-m+fp/hard/libgcc.a
END GROUP
                0x0000000000000000                __base_PROGRAM_FLASH = 0x0
                0x0000000000000000                __base_Flash = 0x0
                0x0000000000100000                __top_PROGRAM_FLASH = 0x100000
                0x0000000000100000                __top_Flash = 0x100000
                0x0000000020000000                __base_SRAM_UPPER = 0x20000000
                0x0000000020000000                __base_RAM = 0x20000000
                0x0000000020030000                __top_SRAM_UPPER = 0x20030000
                0x0000000020030000                __top_RAM = 0x20030000
                0x000000001fff0000                __base_SRAM_LOWER = 0x1fff0000
                0x000000001fff0000                __base_RAM2 = 0x1fff0000
                0x0000000020000000                __top_SRAM_LOWER = 0x20000000
                0x0000000020000000                __top_RAM2 = 0x20000000
                0x0000000014000000                __base_FLEX_RAM = 0x14000000
                0x0000000014000000                __base_RAM3 = 0x14000000
                0x0000000014001000                __top_FLEX_RAM = 0x14001000
                0x0000000014001000                __top_RAM3 = 0x14001000

.text           0x0000000000000000     0x30a8
 FILL mask 0xff
                0x0000000000000000                __vectors_start__ = ABSOLUTE (.)
 *(SORT_BY_ALIGNMENT(.isr_vector))
 .isr_vector    0x0000000000000000      0x198 ./startup/startup_mk64f12.o
                0x0000000000000000                __Vectors
                0x0000000000000000                g_pfnVectors
                0x0000000000000198                . = ALIGN (0x4)
                0x0000000000000198                __section_table_start = .
                0x0000000000000198                __data_section_table = .
                0x0000000000000198        0x4 LONG 0x30a8 LOADADDR (.data)
                0x000000000000019c        0x4 LONG 0x20000000 ADDR (.data)
                0x00000000000001a0        0x4 LONG 0x10 SIZEOF (.data)
                0x00000000000001a4        0x4 LONG 0x30a8 LOADADDR (.data_RAM2)
                0x00000000000001a8        0x4 LONG 0x1fff0000 ADDR (.data_RAM2)
                0x00000000000001ac        0x4 LONG 0x0 SIZEOF (.data_RAM2)
                0x00000000000001b0        0x4 LONG 0x30a8 LOADADDR (.data_RAM3)
                0x00000000000001b4        0x4 LONG 0x14000000 ADDR (.data_RAM3)
                0x00000000000001b8        0x4 LONG 0x0 SIZEOF (.data_RAM3)
                0x00000000000001bc                __data_section_table_end = .
                0x00000000000001bc                __bss_section_table = .
                0x00000000000001bc        0x4 LONG 0x20000010 ADDR (.bss)
                0x00000000000001c0        0x4 LONG 0x100 SIZEOF (.bss)
                0x00000000000001c4        0x4 LONG 0x1fff0000 ADDR (.bss_RAM2)
                0x00000000000001c8        0x4 LONG 0x0 SIZEOF (.bss_RAM2)
                0x00000000000001cc        0x4 LONG 0x14000000 ADDR (.bss_RAM3)
                0x00000000000001d0        0x4 LONG 0x0 SIZEOF (.bss_RAM3)
                0x00000000000001d4                __bss_section_table_end = .
                0x00000000000001d4                __section_table_end = .
 *(SORT_BY_ALIGNMENT(.after_vectors*))
 .after_vectors.reset
                0x00000000000001d4       0x4c ./startup/startup_mk64f12.o
                0x00000000000001d4                ResetISR
 .after_vectors.init_data
                0x0000000000000220       0x1e ./startup/startup_mk64f12.o
                0x0000000000000220                data_init
 .after_vectors.init_bss
                0x000000000000023e       0x12 ./startup/startup_mk64f12.o
                0x000000000000023e                bss_init
 .after_vectors
                0x0000000000000250       0x14 ./startup/startup_mk64f12.o
                0x0000000000000250                NMI_Handler
                0x0000000000000254                MemManage_Handler
                0x0000000000000256                BusFault_Handler
                0x0000000000000258                UsageFault_Handler
                0x000000000000025a                SVC_Handler
                0x000000000000025c                DebugMon_Handler
                0x000000000000025e                PendSV_Handler
                0x0000000000000260                SysTick_Handler
                0x0000000000000262                DMA0_DriverIRQHandler
                0x0000000000000262                PORTB_DriverIRQHandler
                0x0000000000000262                DMA12_DriverIRQHandler
                0x0000000000000262                SPI1_DriverIRQHandler
                0x0000000000000262                LPTMR0_DriverIRQHandler
                0x0000000000000262                DMA_Error_DriverIRQHandler
                0x0000000000000262                FTM1_DriverIRQHandler
                0x0000000000000262                FTM2_DriverIRQHandler
                0x0000000000000262                PIT2_DriverIRQHandler
                0x0000000000000262                SDHC_DriverIRQHandler
                0x0000000000000262                I2S0_Tx_DriverIRQHandler
                0x0000000000000262                RTC_Seconds_DriverIRQHandler
                0x0000000000000262                DMA6_DriverIRQHandler
                0x0000000000000262                LLWU_DriverIRQHandler
                0x0000000000000262                MCM_DriverIRQHandler
                0x0000000000000262                MCG_DriverIRQHandler
                0x0000000000000262                ENET_1588_Timer_DriverIRQHandler
                0x0000000000000262                DAC1_DriverIRQHandler
                0x0000000000000262                CMP1_DriverIRQHandler
                0x0000000000000262                FTM0_DriverIRQHandler
                0x0000000000000262                IntDefaultHandler
                0x0000000000000262                USB0_DriverIRQHandler
                0x0000000000000262                UART5_ERR_DriverIRQHandler
                0x0000000000000262                PORTC_DriverIRQHandler
                0x0000000000000262                DMA11_DriverIRQHandler
                0x0000000000000262                DAC0_DriverIRQHandler
                0x0000000000000262                DMA10_DriverIRQHandler
                0x0000000000000262                CMP2_DriverIRQHandler
                0x0000000000000262                UART2_ERR_DriverIRQHandler
                0x0000000000000262                SPI2_DriverIRQHandler
                0x0000000000000262                LVD_LVW_DriverIRQHandler
                0x0000000000000262                PIT0_DriverIRQHandler
                0x0000000000000262                RNG_DriverIRQHandler
                0x0000000000000262                DMA5_DriverIRQHandler
                0x0000000000000262                DMA4_DriverIRQHandler
                0x0000000000000262                USBDCD_DriverIRQHandler
                0x0000000000000262                UART3_ERR_DriverIRQHandler
                0x0000000000000262                DMA3_DriverIRQHandler
                0x0000000000000262                DMA8_DriverIRQHandler
                0x0000000000000262                DMA9_DriverIRQHandler
                0x0000000000000262                UART0_ERR_DriverIRQHandler
                0x0000000000000262                CMT_DriverIRQHandler
                0x0000000000000262                Reserved71_DriverIRQHandler
                0x0000000000000262                ADC1_DriverIRQHandler
                0x0000000000000262                PORTA_DriverIRQHandler
                0x0000000000000262                DMA14_DriverIRQHandler
                0x0000000000000262                PIT3_DriverIRQHandler
                0x0000000000000262                PIT1_DriverIRQHandler
                0x0000000000000262                WDOG_EWM_DriverIRQHandler
                0x0000000000000262                PDB0_DriverIRQHandler
                0x0000000000000262                RTC_DriverIRQHandler
                0x0000000000000262                I2S0_Rx_DriverIRQHandler
                0x0000000000000262                Read_Collision_DriverIRQHandler
                0x0000000000000262                SWI_DriverIRQHandler
                0x0000000000000262                UART4_ERR_DriverIRQHandler
                0x0000000000000262                UART0_LON_DriverIRQHandler
                0x0000000000000262                DMA1_DriverIRQHandler
                0x0000000000000262                ENET_Receive_DriverIRQHandler
                0x0000000000000262                DMA13_DriverIRQHandler
                0x0000000000000262                ENET_Error_DriverIRQHandler
                0x0000000000000262                DMA15_DriverIRQHandler
                0x0000000000000262                SPI0_DriverIRQHandler
                0x0000000000000262                ADC0_DriverIRQHandler
                0x0000000000000262                CMP0_DriverIRQHandler
                0x0000000000000262                CAN0_DriverIRQHandler
                0x0000000000000262                FTM3_DriverIRQHandler
                0x0000000000000262                UART1_ERR_DriverIRQHandler
                0x0000000000000262                DMA2_DriverIRQHandler
                0x0000000000000262                ENET_Transmit_DriverIRQHandler
                0x0000000000000262                PORTD_DriverIRQHandler
                0x0000000000000262                PORTE_DriverIRQHandler
                0x0000000000000262                FTFE_DriverIRQHandler
                0x0000000000000262                DMA7_DriverIRQHandler
                0x0000000000000400                . = 0x400
 *fill*         0x0000000000000264      0x19c ff
                0x0000000000000400                PROVIDE (__FLASH_CONFIG_START__ = .)
 *(SORT_BY_ALIGNMENT(.FlashConfig))
 .FlashConfig   0x0000000000000400       0x10 ./startup/startup_mk64f12.o
                0x0000000000000400                Flash_Config
                0x0000000000000410                PROVIDE (__FLASH_CONFIG_END__ = .)
                0x0000000000000001                ASSERT (! ((__FLASH_CONFIG_START__ == __FLASH_CONFIG_END__)), Linker Flash Config Support Enabled, but no .FlashConfig section provided within application)
 *(SORT_BY_ALIGNMENT(.text*))
 .text.main     0x0000000000000410      0x1f8 ./source/main.o
                0x0000000000000410                main
 .text.DAC_Write_user
                0x0000000000000608       0x30 ./source/DAC.o
                0x0000000000000608                DAC_Write_user
 .text.DAC_Init_user
                0x0000000000000638       0x34 ./source/DAC.o
                0x0000000000000638                DAC_Init_user
 .text.__NVIC_EnableIRQ
                0x000000000000066c       0x3c ./source/UART.o
 .text.UART0_RX_TX_IRQHandler
                0x00000000000006a8       0x40 ./source/UART.o
                0x00000000000006a8                UART0_RX_TX_IRQHandler
 .text.UART_intr_get_status
                0x00000000000006e8       0x18 ./source/UART.o
                0x00000000000006e8                UART_intr_get_status
 .text.UART_intr_reset_status
                0x0000000000000700       0x18 ./source/UART.o
                0x0000000000000700                UART_intr_reset_status
 .text.UART_Get_Data
                0x0000000000000718       0x18 ./source/UART.o
                0x0000000000000718                UART_Get_Data
 .text.UART_mensaje_error_caracteres
                0x0000000000000730       0x30 ./source/UART.o
                0x0000000000000730                UART_mensaje_error_caracteres
 .text.UART_mensaje_error_numerico
                0x0000000000000760       0x30 ./source/UART.o
                0x0000000000000760                UART_mensaje_error_numerico
 .text.UART_mensaje_welcome
                0x0000000000000790       0x3c ./source/UART.o
                0x0000000000000790                UART_mensaje_welcome
 .text.UART_mensaje_completaod
                0x00000000000007cc       0x34 ./source/UART.o
                0x00000000000007cc                UART_mensaje_completaod
 .text.UART_mensaje_espejo
                0x0000000000000800       0x1c ./source/UART.o
                0x0000000000000800                UART_mensaje_espejo
 .text.UART_Init_user
                0x000000000000081c       0x54 ./source/UART.o
                0x000000000000081c                UART_Init_user
 .text.CLOCK_SetEr32kClock
                0x0000000000000870       0x30 ./drivers/fsl_clock.o
 .text.CLOCK_SetPllFllSelClock
                0x00000000000008a0       0x38 ./drivers/fsl_clock.o
 .text.CLOCK_GetMcgExtClkFreq
                0x00000000000008d8       0x7c ./drivers/fsl_clock.o
 .text.CLOCK_GetFllExtRefClkFreq
                0x0000000000000954       0xb0 ./drivers/fsl_clock.o
 .text.CLOCK_GetInternalRefClkSelectFreq
                0x0000000000000a04       0x4c ./drivers/fsl_clock.o
 .text.CLOCK_GetFllRefClkFreq
                0x0000000000000a50       0x34 ./drivers/fsl_clock.o
 .text.CLOCK_GetOscRangeFromFreq
                0x0000000000000a84       0x3c ./drivers/fsl_clock.o
 .text.CLOCK_GetOsc0ErClkFreq
                0x0000000000000ac0       0x44 ./drivers/fsl_clock.o
                0x0000000000000ac0                CLOCK_GetOsc0ErClkFreq
 .text.CLOCK_GetEr32kClkFreq
                0x0000000000000b04       0x74 ./drivers/fsl_clock.o
                0x0000000000000b04                CLOCK_GetEr32kClkFreq
 .text.CLOCK_GetPllFllSelClkFreq
                0x0000000000000b78       0x54 ./drivers/fsl_clock.o
                0x0000000000000b78                CLOCK_GetPllFllSelClkFreq
 .text.CLOCK_GetFreq
                0x0000000000000bcc      0x140 ./drivers/fsl_clock.o
                0x0000000000000bcc                CLOCK_GetFreq
 .text.CLOCK_SetSimConfig
                0x0000000000000d0c       0x34 ./drivers/fsl_clock.o
                0x0000000000000d0c                CLOCK_SetSimConfig
 .text.CLOCK_GetOutClkFreq
                0x0000000000000d40       0x64 ./drivers/fsl_clock.o
                0x0000000000000d40                CLOCK_GetOutClkFreq
 .text.CLOCK_GetFllFreq
                0x0000000000000da4       0x84 ./drivers/fsl_clock.o
                0x0000000000000da4                CLOCK_GetFllFreq
 .text.CLOCK_GetInternalRefClkFreq
                0x0000000000000e28       0x30 ./drivers/fsl_clock.o
                0x0000000000000e28                CLOCK_GetInternalRefClkFreq
 .text.CLOCK_GetPll0Freq
                0x0000000000000e58       0x78 ./drivers/fsl_clock.o
                0x0000000000000e58                CLOCK_GetPll0Freq
 .text.CLOCK_SetExternalRefClkConfig
                0x0000000000000ed0       0x6c ./drivers/fsl_clock.o
                0x0000000000000ed0                CLOCK_SetExternalRefClkConfig
 .text.CLOCK_SetInternalRefClkConfig
                0x0000000000000f3c      0x104 ./drivers/fsl_clock.o
                0x0000000000000f3c                CLOCK_SetInternalRefClkConfig
 .text.CLOCK_EnablePll0
                0x0000000000001040       0x88 ./drivers/fsl_clock.o
                0x0000000000001040                CLOCK_EnablePll0
 .text.CLOCK_InitOsc0
                0x00000000000010c8       0x8c ./drivers/fsl_clock.o
                0x00000000000010c8                CLOCK_InitOsc0
 .text.CLOCK_SetPbeMode
                0x0000000000001154       0xa8 ./drivers/fsl_clock.o
                0x0000000000001154                CLOCK_SetPbeMode
 .text.CLOCK_BootToPeeMode
                0x00000000000011fc       0x64 ./drivers/fsl_clock.o
                0x00000000000011fc                CLOCK_BootToPeeMode
 .text.DAC_GetInstance
                0x0000000000001260       0x4c ./drivers/fsl_dac.o
 .text.DAC_Init
                0x00000000000012ac       0x70 ./drivers/fsl_dac.o
                0x00000000000012ac                DAC_Init
 .text.DAC_GetDefaultConfig
                0x000000000000131c       0x38 ./drivers/fsl_dac.o
                0x000000000000131c                DAC_GetDefaultConfig
 .text.DAC_SetBufferValue
                0x0000000000001354       0x50 ./drivers/fsl_dac.o
                0x0000000000001354                DAC_SetBufferValue
 .text.DAC_SetBufferReadPointer
                0x00000000000013a4       0x48 ./drivers/fsl_dac.o
                0x00000000000013a4                DAC_SetBufferReadPointer
 .text.I2C_TransferCommonIRQHandler
                0x00000000000013ec       0x58 ./drivers/fsl_i2c.o
 .text.I2C0_DriverIRQHandler
                0x0000000000001444       0x1c ./drivers/fsl_i2c.o
                0x0000000000001444                I2C0_DriverIRQHandler
 .text.I2C1_DriverIRQHandler
                0x0000000000001460       0x1c ./drivers/fsl_i2c.o
                0x0000000000001460                I2C1_DriverIRQHandler
 .text.I2C2_DriverIRQHandler
                0x000000000000147c       0x1c ./drivers/fsl_i2c.o
                0x000000000000147c                I2C2_DriverIRQHandler
 .text.UART_GetInstance
                0x0000000000001498       0x54 ./drivers/fsl_uart.o
                0x0000000000001498                UART_GetInstance
 .text.UART_Init
                0x00000000000014ec      0x2f4 ./drivers/fsl_uart.o
                0x00000000000014ec                UART_Init
 .text.UART_GetDefaultConfig
                0x00000000000017e0       0x68 ./drivers/fsl_uart.o
                0x00000000000017e0                UART_GetDefaultConfig
 .text.UART_EnableInterrupts
                0x0000000000001848       0x70 ./drivers/fsl_uart.o
                0x0000000000001848                UART_EnableInterrupts
 .text.UART1_DriverIRQHandler
                0x00000000000018b8       0x28 ./drivers/fsl_uart.o
                0x00000000000018b8                UART1_DriverIRQHandler
 .text.UART2_DriverIRQHandler
                0x00000000000018e0       0x28 ./drivers/fsl_uart.o
                0x00000000000018e0                UART2_DriverIRQHandler
 .text.UART3_DriverIRQHandler
                0x0000000000001908       0x28 ./drivers/fsl_uart.o
                0x0000000000001908                UART3_DriverIRQHandler
 .text.UART4_DriverIRQHandler
                0x0000000000001930       0x28 ./drivers/fsl_uart.o
                0x0000000000001930                UART4_DriverIRQHandler
 .text.UART5_DriverIRQHandler
                0x0000000000001958       0x28 ./drivers/fsl_uart.o
                0x0000000000001958                UART5_DriverIRQHandler
 .text.SystemInit
                0x0000000000001980       0x3c ./device/system_MK64F12.o
                0x0000000000001980                SystemInit
 .text.CLOCK_SetSimSafeDivs
                0x00000000000019bc       0x20 ./board/clock_config.o
 .text.CLOCK_SetXtal0Freq
                0x00000000000019dc       0x20 ./board/clock_config.o
 .text.CLOCK_CONFIG_SetFllExtRefDiv
                0x00000000000019fc       0x3c ./board/clock_config.o
 .text.BOARD_BootClockRUN
                0x0000000000001a38       0x60 ./board/clock_config.o
                0x0000000000001a38                BOARD_BootClockRUN
 .text.PORT_SetPinConfig
                0x0000000000001a98       0x38 ./board/pin_mux.o
 .text.BOARD_InitPins
                0x0000000000001ad0       0x30 ./board/pin_mux.o
                0x0000000000001ad0                BOARD_InitPins
 .text.BOARD_InitDEBUG_UARTPins
                0x0000000000001b00       0x68 ./board/pin_mux.o
                0x0000000000001b00                BOARD_InitDEBUG_UARTPins
 .text.__assertion_failed
                0x0000000000001b68       0x4c /usr/local/mcuxpressoide-11.5.0_7232/ide/plugins/com.nxp.mcuxpresso.tools.linux_11.5.0.202107051138/tools/bin/../lib/gcc/arm-none-eabi/10.3.1/../../../../arm-none-eabi/lib/thumb/v7e-m+fp/hard/libcr_nohost_nf.a(_cr_assert.o)
                0x0000000000001b68                __assertion_failed
 .text._Cwritebuf
                0x0000000000001bb4       0x6c /usr/local/mcuxpressoide-11.5.0_7232/ide/plugins/com.nxp.mcuxpresso.tools.linux_11.5.0.202107051138/tools/bin/../lib/gcc/arm-none-eabi/10.3.1/../../../../arm-none-eabi/lib/thumb/v7e-m+fp/hard/libcr_c.a(_writebuf.o)
                0x0000000000001bb4                _Cwritebuf
 .text.malloc   0x0000000000001c20       0xc8 /usr/local/mcuxpressoide-11.5.0_7232/ide/plugins/com.nxp.mcuxpresso.tools.linux_11.5.0.202107051138/tools/bin/../lib/gcc/arm-none-eabi/10.3.1/../../../../arm-none-eabi/lib/thumb/v7e-m+fp/hard/libcr_c.a(alloc.o)
                0x0000000000001c20                malloc
 .text._Csys_alloc
                0x0000000000001ce8       0x20 /usr/local/mcuxpressoide-11.5.0_7232/ide/plugins/com.nxp.mcuxpresso.tools.linux_11.5.0.202107051138/tools/bin/../lib/gcc/arm-none-eabi/10.3.1/../../../../arm-none-eabi/lib/thumb/v7e-m+fp/hard/libcr_c.a(alloc.o)
                0x0000000000001ce8                _Csys_alloc
 .text.fseek    0x0000000000001d08       0xfc /usr/local/mcuxpressoide-11.5.0_7232/ide/plugins/com.nxp.mcuxpresso.tools.linux_11.5.0.202107051138/tools/bin/../lib/gcc/arm-none-eabi/10.3.1/../../../../arm-none-eabi/lib/thumb/v7e-m+fp/hard/libcr_c.a(fseek.o)
                0x0000000000001d08                fseek
 .text.ftell    0x0000000000001e04       0x44 /usr/local/mcuxpressoide-11.5.0_7232/ide/plugins/com.nxp.mcuxpresso.tools.linux_11.5.0.202107051138/tools/bin/../lib/gcc/arm-none-eabi/10.3.1/../../../../arm-none-eabi/lib/thumb/v7e-m+fp/hard/libcr_c.a(ftell.o)
                0x0000000000001e04                ftell
 .text._initio  0x0000000000001e48       0x78 /usr/local/mcuxpressoide-11.5.0_7232/ide/plugins/com.nxp.mcuxpresso.tools.linux_11.5.0.202107051138/tools/bin/../lib/gcc/arm-none-eabi/10.3.1/../../../../arm-none-eabi/lib/thumb/v7e-m+fp/hard/libcr_c.a(initio.o)
                0x0000000000001e48                _initio
 .text._sbrk    0x0000000000001ec0       0x3c /usr/local/mcuxpressoide-11.5.0_7232/ide/plugins/com.nxp.mcuxpresso.tools.linux_11.5.0.202107051138/tools/bin/../lib/gcc/arm-none-eabi/10.3.1/../../../../arm-none-eabi/lib/thumb/v7e-m+fp/hard/libcr_c.a(_cr_sbrk.o)
                0x0000000000001ec0                _sbrk
 .text.fflush   0x0000000000001efc       0x3c /usr/local/mcuxpressoide-11.5.0_7232/ide/plugins/com.nxp.mcuxpresso.tools.linux_11.5.0.202107051138/tools/bin/../lib/gcc/arm-none-eabi/10.3.1/../../../../arm-none-eabi/lib/thumb/v7e-m+fp/hard/libcr_c.a(fflush.o)
                0x0000000000001efc                fflush
 .text.__check_heap_overflow
                0x0000000000001f38       0x18 /usr/local/mcuxpressoide-11.5.0_7232/ide/plugins/com.nxp.mcuxpresso.tools.linux_11.5.0.202107051138/tools/bin/../lib/gcc/arm-none-eabi/10.3.1/../../../../arm-none-eabi/lib/thumb/v7e-m+fp/hard/libcr_c.a(_cr_check_heap.o)
                0x0000000000001f38                __check_heap_overflow
 .text.__aeabi_dmul
                0x0000000000001f50       0xfc /usr/local/mcuxpressoide-11.5.0_7232/ide/plugins/com.nxp.mcuxpresso.tools.linux_11.5.0.202107051138/tools/bin/../lib/gcc/arm-none-eabi/10.3.1/thumb/v7e-m+fp/hard/libcr_eabihelpers.a(double.o)
                0x0000000000001f50                __aeabi_dmul
 .text.__aeabi_d2f
                0x000000000000204c       0x58 /usr/local/mcuxpressoide-11.5.0_7232/ide/plugins/com.nxp.mcuxpresso.tools.linux_11.5.0.202107051138/tools/bin/../lib/gcc/arm-none-eabi/10.3.1/thumb/v7e-m+fp/hard/libcr_eabihelpers.a(double.o)
                0x000000000000204c                __aeabi_d2f
 .text.__aeabi_f2d
                0x00000000000020a4       0x38 /usr/local/mcuxpressoide-11.5.0_7232/ide/plugins/com.nxp.mcuxpresso.tools.linux_11.5.0.202107051138/tools/bin/../lib/gcc/arm-none-eabi/10.3.1/thumb/v7e-m+fp/hard/libcr_eabihelpers.a(float.o)
                0x00000000000020a4                __aeabi_f2d
 .text.DMA0_IRQHandler
                0x00000000000020dc        0x8 ./startup/startup_mk64f12.o
                0x00000000000020dc                DMA0_IRQHandler
 .text.DMA1_IRQHandler
                0x00000000000020e4        0x8 ./startup/startup_mk64f12.o
                0x00000000000020e4                DMA1_IRQHandler
 .text.DMA2_IRQHandler
                0x00000000000020ec        0x8 ./startup/startup_mk64f12.o
                0x00000000000020ec                DMA2_IRQHandler
 .text.DMA3_IRQHandler
                0x00000000000020f4        0x8 ./startup/startup_mk64f12.o
                0x00000000000020f4                DMA3_IRQHandler
 .text.DMA4_IRQHandler
                0x00000000000020fc        0x8 ./startup/startup_mk64f12.o
                0x00000000000020fc                DMA4_IRQHandler
 .text.DMA5_IRQHandler
                0x0000000000002104        0x8 ./startup/startup_mk64f12.o
                0x0000000000002104                DMA5_IRQHandler
 .text.DMA6_IRQHandler
                0x000000000000210c        0x8 ./startup/startup_mk64f12.o
                0x000000000000210c                DMA6_IRQHandler
 .text.DMA7_IRQHandler
                0x0000000000002114        0x8 ./startup/startup_mk64f12.o
                0x0000000000002114                DMA7_IRQHandler
 .text.DMA8_IRQHandler
                0x000000000000211c        0x8 ./startup/startup_mk64f12.o
                0x000000000000211c                DMA8_IRQHandler
 .text.DMA9_IRQHandler
                0x0000000000002124        0x8 ./startup/startup_mk64f12.o
                0x0000000000002124                DMA9_IRQHandler
 .text.DMA10_IRQHandler
                0x000000000000212c        0x8 ./startup/startup_mk64f12.o
                0x000000000000212c                DMA10_IRQHandler
 .text.DMA11_IRQHandler
                0x0000000000002134        0x8 ./startup/startup_mk64f12.o
                0x0000000000002134                DMA11_IRQHandler
 .text.DMA12_IRQHandler
                0x000000000000213c        0x8 ./startup/startup_mk64f12.o
                0x000000000000213c                DMA12_IRQHandler
 .text.DMA13_IRQHandler
                0x0000000000002144        0x8 ./startup/startup_mk64f12.o
                0x0000000000002144                DMA13_IRQHandler
 .text.DMA14_IRQHandler
                0x000000000000214c        0x8 ./startup/startup_mk64f12.o
                0x000000000000214c                DMA14_IRQHandler
 .text.DMA15_IRQHandler
                0x0000000000002154        0x8 ./startup/startup_mk64f12.o
                0x0000000000002154                DMA15_IRQHandler
 .text.DMA_Error_IRQHandler
                0x000000000000215c        0x8 ./startup/startup_mk64f12.o
                0x000000000000215c                DMA_Error_IRQHandler
 .text.MCM_IRQHandler
                0x0000000000002164        0x8 ./startup/startup_mk64f12.o
                0x0000000000002164                MCM_IRQHandler
 .text.FTFE_IRQHandler
                0x000000000000216c        0x8 ./startup/startup_mk64f12.o
                0x000000000000216c                FTFE_IRQHandler
 .text.Read_Collision_IRQHandler
                0x0000000000002174        0x8 ./startup/startup_mk64f12.o
                0x0000000000002174                Read_Collision_IRQHandler
 .text.LVD_LVW_IRQHandler
                0x000000000000217c        0x8 ./startup/startup_mk64f12.o
                0x000000000000217c                LVD_LVW_IRQHandler
 .text.LLWU_IRQHandler
                0x0000000000002184        0x8 ./startup/startup_mk64f12.o
                0x0000000000002184                LLWU_IRQHandler
 .text.WDOG_EWM_IRQHandler
                0x000000000000218c        0x8 ./startup/startup_mk64f12.o
                0x000000000000218c                WDOG_EWM_IRQHandler
 .text.RNG_IRQHandler
                0x0000000000002194        0x8 ./startup/startup_mk64f12.o
                0x0000000000002194                RNG_IRQHandler
 .text.I2C0_IRQHandler
                0x000000000000219c        0x8 ./startup/startup_mk64f12.o
                0x000000000000219c                I2C0_IRQHandler
 .text.I2C1_IRQHandler
                0x00000000000021a4        0x8 ./startup/startup_mk64f12.o
                0x00000000000021a4                I2C1_IRQHandler
 .text.SPI0_IRQHandler
                0x00000000000021ac        0x8 ./startup/startup_mk64f12.o
                0x00000000000021ac                SPI0_IRQHandler
 .text.SPI1_IRQHandler
                0x00000000000021b4        0x8 ./startup/startup_mk64f12.o
                0x00000000000021b4                SPI1_IRQHandler
 .text.I2S0_Tx_IRQHandler
                0x00000000000021bc        0x8 ./startup/startup_mk64f12.o
                0x00000000000021bc                I2S0_Tx_IRQHandler
 .text.I2S0_Rx_IRQHandler
                0x00000000000021c4        0x8 ./startup/startup_mk64f12.o
                0x00000000000021c4                I2S0_Rx_IRQHandler
 .text.UART0_LON_IRQHandler
                0x00000000000021cc        0x8 ./startup/startup_mk64f12.o
                0x00000000000021cc                UART0_LON_IRQHandler
 .text.UART0_ERR_IRQHandler
                0x00000000000021d4        0x8 ./startup/startup_mk64f12.o
                0x00000000000021d4                UART0_ERR_IRQHandler
 .text.UART1_RX_TX_IRQHandler
                0x00000000000021dc        0x8 ./startup/startup_mk64f12.o
                0x00000000000021dc                UART1_RX_TX_IRQHandler
 .text.UART1_ERR_IRQHandler
                0x00000000000021e4        0x8 ./startup/startup_mk64f12.o
                0x00000000000021e4                UART1_ERR_IRQHandler
 .text.UART2_RX_TX_IRQHandler
                0x00000000000021ec        0x8 ./startup/startup_mk64f12.o
                0x00000000000021ec                UART2_RX_TX_IRQHandler
 .text.UART2_ERR_IRQHandler
                0x00000000000021f4        0x8 ./startup/startup_mk64f12.o
                0x00000000000021f4                UART2_ERR_IRQHandler
 .text.UART3_RX_TX_IRQHandler
                0x00000000000021fc        0x8 ./startup/startup_mk64f12.o
                0x00000000000021fc                UART3_RX_TX_IRQHandler
 .text.UART3_ERR_IRQHandler
                0x0000000000002204        0x8 ./startup/startup_mk64f12.o
                0x0000000000002204                UART3_ERR_IRQHandler
 .text.ADC0_IRQHandler
                0x000000000000220c        0x8 ./startup/startup_mk64f12.o
                0x000000000000220c                ADC0_IRQHandler
 .text.CMP0_IRQHandler
                0x0000000000002214        0x8 ./startup/startup_mk64f12.o
                0x0000000000002214                CMP0_IRQHandler
 .text.CMP1_IRQHandler
                0x000000000000221c        0x8 ./startup/startup_mk64f12.o
                0x000000000000221c                CMP1_IRQHandler
 .text.FTM0_IRQHandler
                0x0000000000002224        0x8 ./startup/startup_mk64f12.o
                0x0000000000002224                FTM0_IRQHandler
 .text.FTM1_IRQHandler
                0x000000000000222c        0x8 ./startup/startup_mk64f12.o
                0x000000000000222c                FTM1_IRQHandler
 .text.FTM2_IRQHandler
                0x0000000000002234        0x8 ./startup/startup_mk64f12.o
                0x0000000000002234                FTM2_IRQHandler
 .text.CMT_IRQHandler
                0x000000000000223c        0x8 ./startup/startup_mk64f12.o
                0x000000000000223c                CMT_IRQHandler
 .text.RTC_IRQHandler
                0x0000000000002244        0x8 ./startup/startup_mk64f12.o
                0x0000000000002244                RTC_IRQHandler
 .text.RTC_Seconds_IRQHandler
                0x000000000000224c        0x8 ./startup/startup_mk64f12.o
                0x000000000000224c                RTC_Seconds_IRQHandler
 .text.PIT0_IRQHandler
                0x0000000000002254        0x8 ./startup/startup_mk64f12.o
                0x0000000000002254                PIT0_IRQHandler
 .text.PIT1_IRQHandler
                0x000000000000225c        0x8 ./startup/startup_mk64f12.o
                0x000000000000225c                PIT1_IRQHandler
 .text.PIT2_IRQHandler
                0x0000000000002264        0x8 ./startup/startup_mk64f12.o
                0x0000000000002264                PIT2_IRQHandler
 .text.PIT3_IRQHandler
                0x000000000000226c        0x8 ./startup/startup_mk64f12.o
                0x000000000000226c                PIT3_IRQHandler
 .text.PDB0_IRQHandler
                0x0000000000002274        0x8 ./startup/startup_mk64f12.o
                0x0000000000002274                PDB0_IRQHandler
 .text.USB0_IRQHandler
                0x000000000000227c        0x8 ./startup/startup_mk64f12.o
                0x000000000000227c                USB0_IRQHandler
 .text.USBDCD_IRQHandler
                0x0000000000002284        0x8 ./startup/startup_mk64f12.o
                0x0000000000002284                USBDCD_IRQHandler
 .text.Reserved71_IRQHandler
                0x000000000000228c        0x8 ./startup/startup_mk64f12.o
                0x000000000000228c                Reserved71_IRQHandler
 .text.DAC0_IRQHandler
                0x0000000000002294        0x8 ./startup/startup_mk64f12.o
                0x0000000000002294                DAC0_IRQHandler
 .text.MCG_IRQHandler
                0x000000000000229c        0x8 ./startup/startup_mk64f12.o
                0x000000000000229c                MCG_IRQHandler
 .text.LPTMR0_IRQHandler
                0x00000000000022a4        0x8 ./startup/startup_mk64f12.o
                0x00000000000022a4                LPTMR0_IRQHandler
 .text.PORTA_IRQHandler
                0x00000000000022ac        0x8 ./startup/startup_mk64f12.o
                0x00000000000022ac                PORTA_IRQHandler
 .text.PORTB_IRQHandler
                0x00000000000022b4        0x8 ./startup/startup_mk64f12.o
                0x00000000000022b4                PORTB_IRQHandler
 .text.PORTC_IRQHandler
                0x00000000000022bc        0x8 ./startup/startup_mk64f12.o
                0x00000000000022bc                PORTC_IRQHandler
 .text.PORTD_IRQHandler
                0x00000000000022c4        0x8 ./startup/startup_mk64f12.o
                0x00000000000022c4                PORTD_IRQHandler
 .text.PORTE_IRQHandler
                0x00000000000022cc        0x8 ./startup/startup_mk64f12.o
                0x00000000000022cc                PORTE_IRQHandler
 .text.SWI_IRQHandler
                0x00000000000022d4        0x8 ./startup/startup_mk64f12.o
                0x00000000000022d4                SWI_IRQHandler
 .text.SPI2_IRQHandler
                0x00000000000022dc        0x8 ./startup/startup_mk64f12.o
                0x00000000000022dc                SPI2_IRQHandler
 .text.UART4_RX_TX_IRQHandler
                0x00000000000022e4        0x8 ./startup/startup_mk64f12.o
                0x00000000000022e4                UART4_RX_TX_IRQHandler
 .text.UART4_ERR_IRQHandler
                0x00000000000022ec        0x8 ./startup/startup_mk64f12.o
                0x00000000000022ec                UART4_ERR_IRQHandler
 .text.UART5_RX_TX_IRQHandler
                0x00000000000022f4        0x8 ./startup/startup_mk64f12.o
                0x00000000000022f4                UART5_RX_TX_IRQHandler
 .text.UART5_ERR_IRQHandler
                0x00000000000022fc        0x8 ./startup/startup_mk64f12.o
                0x00000000000022fc                UART5_ERR_IRQHandler
 .text.CMP2_IRQHandler
                0x0000000000002304        0x8 ./startup/startup_mk64f12.o
                0x0000000000002304                CMP2_IRQHandler
 .text.FTM3_IRQHandler
                0x000000000000230c        0x8 ./startup/startup_mk64f12.o
                0x000000000000230c                FTM3_IRQHandler
 .text.DAC1_IRQHandler
                0x0000000000002314        0x8 ./startup/startup_mk64f12.o
                0x0000000000002314                DAC1_IRQHandler
 .text.ADC1_IRQHandler
                0x000000000000231c        0x8 ./startup/startup_mk64f12.o
                0x000000000000231c                ADC1_IRQHandler
 .text.I2C2_IRQHandler
                0x0000000000002324        0x8 ./startup/startup_mk64f12.o
                0x0000000000002324                I2C2_IRQHandler
 .text.CAN0_ORed_Message_buffer_IRQHandler
                0x000000000000232c        0x8 ./startup/startup_mk64f12.o
                0x000000000000232c                CAN0_ORed_Message_buffer_IRQHandler
 .text.CAN0_Bus_Off_IRQHandler
                0x0000000000002334        0x8 ./startup/startup_mk64f12.o
                0x0000000000002334                CAN0_Bus_Off_IRQHandler
 .text.CAN0_Error_IRQHandler
                0x000000000000233c        0x8 ./startup/startup_mk64f12.o
                0x000000000000233c                CAN0_Error_IRQHandler
 .text.CAN0_Tx_Warning_IRQHandler
                0x0000000000002344        0x8 ./startup/startup_mk64f12.o
                0x0000000000002344                CAN0_Tx_Warning_IRQHandler
 .text.CAN0_Rx_Warning_IRQHandler
                0x000000000000234c        0x8 ./startup/startup_mk64f12.o
                0x000000000000234c                CAN0_Rx_Warning_IRQHandler
 .text.CAN0_Wake_Up_IRQHandler
                0x0000000000002354        0x8 ./startup/startup_mk64f12.o
                0x0000000000002354                CAN0_Wake_Up_IRQHandler
 .text.SDHC_IRQHandler
                0x000000000000235c        0x8 ./startup/startup_mk64f12.o
                0x000000000000235c                SDHC_IRQHandler
 .text.ENET_1588_Timer_IRQHandler
                0x0000000000002364        0x8 ./startup/startup_mk64f12.o
                0x0000000000002364                ENET_1588_Timer_IRQHandler
 .text.ENET_Transmit_IRQHandler
                0x000000000000236c        0x8 ./startup/startup_mk64f12.o
                0x000000000000236c                ENET_Transmit_IRQHandler
 .text.ENET_Receive_IRQHandler
                0x0000000000002374        0x8 ./startup/startup_mk64f12.o
                0x0000000000002374                ENET_Receive_IRQHandler
 .text.ENET_Error_IRQHandler
                0x000000000000237c        0x8 ./startup/startup_mk64f12.o
                0x000000000000237c                ENET_Error_IRQHandler
 .text.DAC_Enable
                0x0000000000002384       0x48 ./source/DAC.o
 .text.EnableIRQ
                0x00000000000023cc       0x32 ./source/UART.o
 .text.UART_WriteByte
                0x00000000000023fe       0x1e ./source/UART.o
 .text.UART_ReadByte
                0x000000000000241c       0x1a ./source/UART.o
 .text.HardFault_Handler
                0x0000000000002436       0x2c ./source/semihost_hardfault.o
                0x0000000000002436                HardFault_Handler
 .text.OSC_SetExtRefClkConfig
                0x0000000000002462       0x34 ./drivers/fsl_clock.o
 .text.OSC_SetCapLoad
                0x0000000000002496       0x34 ./drivers/fsl_clock.o
 .text.CLOCK_GetPll0RefFreq
                0x00000000000024ca        0xe ./drivers/fsl_clock.o
 .text.CLOCK_GetFixedFreqClkFreq
                0x00000000000024d8       0x34 ./drivers/fsl_clock.o
                0x00000000000024d8                CLOCK_GetFixedFreqClkFreq
 .text.CLOCK_EnableClock
                0x000000000000250c       0x34 ./drivers/fsl_dac.o
 .text.CLOCK_EnableClock
                0x0000000000002540       0x34 ./drivers/fsl_uart.o
 .text.UART_GetStatusFlags
                0x0000000000002574       0x48 ./drivers/fsl_uart.o
                0x0000000000002574                UART_GetStatusFlags
 .text.UART_WriteBlocking
                0x00000000000025bc       0x50 ./drivers/fsl_uart.o
                0x00000000000025bc                UART_WriteBlocking
 .text.UART1_RX_TX_DriverIRQHandler
                0x000000000000260c       0x12 ./drivers/fsl_uart.o
                0x000000000000260c                UART1_RX_TX_DriverIRQHandler
 .text.UART2_RX_TX_DriverIRQHandler
                0x000000000000261e       0x12 ./drivers/fsl_uart.o
                0x000000000000261e                UART2_RX_TX_DriverIRQHandler
 .text.UART3_RX_TX_DriverIRQHandler
                0x0000000000002630       0x12 ./drivers/fsl_uart.o
                0x0000000000002630                UART3_RX_TX_DriverIRQHandler
 .text.UART4_RX_TX_DriverIRQHandler
                0x0000000000002642       0x12 ./drivers/fsl_uart.o
                0x0000000000002642                UART4_RX_TX_DriverIRQHandler
 .text.UART5_RX_TX_DriverIRQHandler
                0x0000000000002654       0x12 ./drivers/fsl_uart.o
                0x0000000000002654                UART5_RX_TX_DriverIRQHandler
 .text.SystemInitHook
                0x0000000000002666        0xe ./device/system_MK64F12.o
                0x0000000000002666                SystemInitHook
 .text.BOARD_InitBootClocks
                0x0000000000002674        0xc ./board/clock_config.o
                0x0000000000002674                BOARD_InitBootClocks
 .text.CLOCK_EnableClock
                0x0000000000002680       0x34 ./board/pin_mux.o
 .text.PORT_SetPinMux
                0x00000000000026b4       0x3a ./board/pin_mux.o
 .text.BOARD_InitBootPins
                0x00000000000026ee       0x10 ./board/pin_mux.o
                0x00000000000026ee                BOARD_InitBootPins
 .text.__main   0x00000000000026fe        0xe /usr/local/mcuxpressoide-11.5.0_7232/ide/plugins/com.nxp.mcuxpresso.tools.linux_11.5.0.202107051138/tools/bin/../lib/gcc/arm-none-eabi/10.3.1/../../../../arm-none-eabi/lib/thumb/v7e-m+fp/hard/libcr_nohost_nf.a(_cr__main.o)
                0x00000000000026fe                __main
 .text.__sys_appexit
                0x000000000000270c        0x2 /usr/local/mcuxpressoide-11.5.0_7232/ide/plugins/com.nxp.mcuxpresso.tools.linux_11.5.0.202107051138/tools/bin/../lib/gcc/arm-none-eabi/10.3.1/../../../../arm-none-eabi/lib/thumb/v7e-m+fp/hard/libcr_nohost_nf.a(__sys_appexit.o)
                0x000000000000270c                __exit
                0x000000000000270c                __sys_appexit
 .text.memcpy   0x000000000000270e        0x4 /usr/local/mcuxpressoide-11.5.0_7232/ide/plugins/com.nxp.mcuxpresso.tools.linux_11.5.0.202107051138/tools/bin/../lib/gcc/arm-none-eabi/10.3.1/../../../../arm-none-eabi/lib/thumb/v7e-m+fp/hard/libcr_c.a(memcpy.o)
                0x000000000000270e                memcpy
 .text.memset   0x0000000000002712        0x4 /usr/local/mcuxpressoide-11.5.0_7232/ide/plugins/com.nxp.mcuxpresso.tools.linux_11.5.0.202107051138/tools/bin/../lib/gcc/arm-none-eabi/10.3.1/../../../../arm-none-eabi/lib/thumb/v7e-m+fp/hard/libcr_c.a(memset.o)
                0x0000000000002712                memset
 .text._deferredlazyseek
                0x0000000000002716       0x40 /usr/local/mcuxpressoide-11.5.0_7232/ide/plugins/com.nxp.mcuxpresso.tools.linux_11.5.0.202107051138/tools/bin/../lib/gcc/arm-none-eabi/10.3.1/../../../../arm-none-eabi/lib/thumb/v7e-m+fp/hard/libcr_c.a(_deferredlazyseek.o)
                0x0000000000002716                _deferredlazyseek
 .text.__flsbuf
                0x0000000000002756      0x140 /usr/local/mcuxpressoide-11.5.0_7232/ide/plugins/com.nxp.mcuxpresso.tools.linux_11.5.0.202107051138/tools/bin/../lib/gcc/arm-none-eabi/10.3.1/../../../../arm-none-eabi/lib/thumb/v7e-m+fp/hard/libcr_c.a(_deferredlazyseek.o)
                0x0000000000002756                __flsbuf
 .text._fflush  0x0000000000002896       0x52 /usr/local/mcuxpressoide-11.5.0_7232/ide/plugins/com.nxp.mcuxpresso.tools.linux_11.5.0.202107051138/tools/bin/../lib/gcc/arm-none-eabi/10.3.1/../../../../arm-none-eabi/lib/thumb/v7e-m+fp/hard/libcr_c.a(_fflush.o)
                0x0000000000002896                _fflush
 .text.free     0x00000000000028e8       0x30 /usr/local/mcuxpressoide-11.5.0_7232/ide/plugins/com.nxp.mcuxpresso.tools.linux_11.5.0.202107051138/tools/bin/../lib/gcc/arm-none-eabi/10.3.1/../../../../arm-none-eabi/lib/thumb/v7e-m+fp/hard/libcr_c.a(alloc.o)
                0x00000000000028e8                free
 .text.fputs    0x0000000000002918       0x2c /usr/local/mcuxpressoide-11.5.0_7232/ide/plugins/com.nxp.mcuxpresso.tools.linux_11.5.0.202107051138/tools/bin/../lib/gcc/arm-none-eabi/10.3.1/../../../../arm-none-eabi/lib/thumb/v7e-m+fp/hard/libcr_c.a(fputs.o)
                0x0000000000002918                fputs
 .text.setvbuf  0x0000000000002944       0x3e /usr/local/mcuxpressoide-11.5.0_7232/ide/plugins/com.nxp.mcuxpresso.tools.linux_11.5.0.202107051138/tools/bin/../lib/gcc/arm-none-eabi/10.3.1/../../../../arm-none-eabi/lib/thumb/v7e-m+fp/hard/libcr_c.a(setvbuf.o)
                0x0000000000002944                setvbuf
 .text.strlen   0x0000000000002982       0x48 /usr/local/mcuxpressoide-11.5.0_7232/ide/plugins/com.nxp.mcuxpresso.tools.linux_11.5.0.202107051138/tools/bin/../lib/gcc/arm-none-eabi/10.3.1/../../../../arm-none-eabi/lib/thumb/v7e-m+fp/hard/libcr_c.a(strlen.o)
                0x0000000000002982                strlen
 .text._fdopen  0x00000000000029ca       0x68 /usr/local/mcuxpressoide-11.5.0_7232/ide/plugins/com.nxp.mcuxpresso.tools.linux_11.5.0.202107051138/tools/bin/../lib/gcc/arm-none-eabi/10.3.1/../../../../arm-none-eabi/lib/thumb/v7e-m+fp/hard/libcr_c.a(_fdopen.o)
                0x00000000000029ca                _fdopen
 .text.fclose   0x0000000000002a32       0x58 /usr/local/mcuxpressoide-11.5.0_7232/ide/plugins/com.nxp.mcuxpresso.tools.linux_11.5.0.202107051138/tools/bin/../lib/gcc/arm-none-eabi/10.3.1/../../../../arm-none-eabi/lib/thumb/v7e-m+fp/hard/libcr_c.a(fclose.o)
                0x0000000000002a32                fclose
 .text.remove   0x0000000000002a8a       0x14 /usr/local/mcuxpressoide-11.5.0_7232/ide/plugins/com.nxp.mcuxpresso.tools.linux_11.5.0.202107051138/tools/bin/../lib/gcc/arm-none-eabi/10.3.1/../../../../arm-none-eabi/lib/thumb/v7e-m+fp/hard/libcr_c.a(remove.o)
                0x0000000000002a8a                remove
 .text._do_fflush
                0x0000000000002a9e       0x40 /usr/local/mcuxpressoide-11.5.0_7232/ide/plugins/com.nxp.mcuxpresso.tools.linux_11.5.0.202107051138/tools/bin/../lib/gcc/arm-none-eabi/10.3.1/../../../../arm-none-eabi/lib/thumb/v7e-m+fp/hard/libcr_c.a(_do_fflush.o)
                0x0000000000002a9e                _do_fflush
 .text.__aeabi_memcpy
                0x0000000000002ade       0x34 /usr/local/mcuxpressoide-11.5.0_7232/ide/plugins/com.nxp.mcuxpresso.tools.linux_11.5.0.202107051138/tools/bin/../lib/gcc/arm-none-eabi/10.3.1/thumb/v7e-m+fp/hard/libcr_eabihelpers.a(memcpy.o)
                0x0000000000002ade                __aeabi_memcpy
                0x0000000000002ae8                __aeabi_memcpy4
                0x0000000000002ae8                __aeabi_memcpy8
 .text.__aeabi_memset_lowlevel
                0x0000000000002b12       0x32 /usr/local/mcuxpressoide-11.5.0_7232/ide/plugins/com.nxp.mcuxpresso.tools.linux_11.5.0.202107051138/tools/bin/../lib/gcc/arm-none-eabi/10.3.1/thumb/v7e-m+fp/hard/libcr_eabihelpers.a(memcpy.o)
                0x0000000000002b12                __aeabi_lowlevel_memset
 .text.__sys_close
                0x0000000000002b44        0x6 /usr/local/mcuxpressoide-11.5.0_7232/ide/plugins/com.nxp.mcuxpresso.tools.linux_11.5.0.202107051138/tools/bin/../lib/gcc/arm-none-eabi/10.3.1/../../../../arm-none-eabi/lib/thumb/v7e-m+fp/hard/libcr_nohost_nf.a(__sys_close.o)
                0x0000000000002b44                __sys_close
 .text.__sys_flen
                0x0000000000002b4a        0x6 /usr/local/mcuxpressoide-11.5.0_7232/ide/plugins/com.nxp.mcuxpresso.tools.linux_11.5.0.202107051138/tools/bin/../lib/gcc/arm-none-eabi/10.3.1/../../../../arm-none-eabi/lib/thumb/v7e-m+fp/hard/libcr_nohost_nf.a(__sys_flen.o)
                0x0000000000002b4a                __sys_flen
 .text.__sys_istty
                0x0000000000002b50        0x6 /usr/local/mcuxpressoide-11.5.0_7232/ide/plugins/com.nxp.mcuxpresso.tools.linux_11.5.0.202107051138/tools/bin/../lib/gcc/arm-none-eabi/10.3.1/../../../../arm-none-eabi/lib/thumb/v7e-m+fp/hard/libcr_nohost_nf.a(__sys_istty.o)
                0x0000000000002b50                __sys_istty
 .text.__sys_remove
                0x0000000000002b56        0x6 /usr/local/mcuxpressoide-11.5.0_7232/ide/plugins/com.nxp.mcuxpresso.tools.linux_11.5.0.202107051138/tools/bin/../lib/gcc/arm-none-eabi/10.3.1/../../../../arm-none-eabi/lib/thumb/v7e-m+fp/hard/libcr_nohost_nf.a(__sys_remove.o)
                0x0000000000002b56                __sys_remove
 .text.__sys_seek
                0x0000000000002b5c        0x6 /usr/local/mcuxpressoide-11.5.0_7232/ide/plugins/com.nxp.mcuxpresso.tools.linux_11.5.0.202107051138/tools/bin/../lib/gcc/arm-none-eabi/10.3.1/../../../../arm-none-eabi/lib/thumb/v7e-m+fp/hard/libcr_nohost_nf.a(__sys_seek.o)
                0x0000000000002b5c                __sys_seek
 .text.__sys_tmpnam
                0x0000000000002b62        0x6 /usr/local/mcuxpressoide-11.5.0_7232/ide/plugins/com.nxp.mcuxpresso.tools.linux_11.5.0.202107051138/tools/bin/../lib/gcc/arm-none-eabi/10.3.1/../../../../arm-none-eabi/lib/thumb/v7e-m+fp/hard/libcr_nohost_nf.a(__sys_tmpnam.o)
                0x0000000000002b62                __sys_tmpnam
 .text.__sys_write
                0x0000000000002b68        0x4 /usr/local/mcuxpressoide-11.5.0_7232/ide/plugins/com.nxp.mcuxpresso.tools.linux_11.5.0.202107051138/tools/bin/../lib/gcc/arm-none-eabi/10.3.1/../../../../arm-none-eabi/lib/thumb/v7e-m+fp/hard/libcr_nohost_nf.a(__sys_write.o)
                0x0000000000002b68                __sys_write
 *(SORT_BY_ALIGNMENT(.rodata) SORT_BY_ALIGNMENT(.rodata.*) SORT_BY_ALIGNMENT(.constdata) SORT_BY_ALIGNMENT(.constdata.*))
 .rodata.UART_mensaje_error_caracteres.str1.4
                0x0000000000002b6c       0x42 ./source/UART.o
 *fill*         0x0000000000002bae        0x2 ff
 .rodata.UART_mensaje_error_numerico.str1.4
                0x0000000000002bb0       0x5b ./source/UART.o
 *fill*         0x0000000000002c0b        0x1 ff
 .rodata.UART_mensaje_welcome.str1.4
                0x0000000000002c0c       0x3e ./source/UART.o
 *fill*         0x0000000000002c4a        0x2 ff
 .rodata.UART_mensaje_completaod.str1.4
                0x0000000000002c4c       0x20 ./source/UART.o
 .rodata.CLOCK_GetMcgExtClkFreq.str1.4
                0x0000000000002c6c       0x49 ./drivers/fsl_clock.o
 *fill*         0x0000000000002cb5        0x3 ff
 .rodata.CLOCK_GetOsc0ErClkFreq.str1.4
                0x0000000000002cb8       0x1e ./drivers/fsl_clock.o
 *fill*         0x0000000000002cd6        0x2 ff
 .rodata.CLOCK_GetEr32kClkFreq.str1.4
                0x0000000000002cd8       0x1f ./drivers/fsl_clock.o
 *fill*         0x0000000000002cf7        0x1 ff
 .rodata.CLOCK_GetPll0Freq.str1.4
                0x0000000000002cf8       0x1d ./drivers/fsl_clock.o
 *fill*         0x0000000000002d15        0x3 ff
 .rodata.CLOCK_EnablePll0.str1.4
                0x0000000000002d18       0x1a ./drivers/fsl_clock.o
 *fill*         0x0000000000002d32        0x2 ff
 .rodata.CLOCK_SetPbeMode.str1.4
                0x0000000000002d34       0x1a ./drivers/fsl_clock.o
 *fill*         0x0000000000002d4e        0x2 ff
 .rodata.CLOCK_BootToPeeMode.str1.4
                0x0000000000002d50       0x1a ./drivers/fsl_clock.o
 *fill*         0x0000000000002d6a        0x2 ff
 .rodata.fllFactorTable.1
                0x0000000000002d6c       0x10 ./drivers/fsl_clock.o
 .rodata.s_dacBases
                0x0000000000002d7c        0x8 ./drivers/fsl_dac.o
 .rodata.s_dacClocks
                0x0000000000002d84        0x8 ./drivers/fsl_dac.o
 .rodata.DAC_GetInstance.str1.4
                0x0000000000002d8c       0x31 ./drivers/fsl_dac.o
 *fill*         0x0000000000002dbd        0x3 ff
 .rodata.DAC_Init.str1.4
                0x0000000000002dc0       0x1e ./drivers/fsl_dac.o
 *fill*         0x0000000000002dde        0x2 ff
 .rodata.DAC_GetDefaultConfig.str1.4
                0x0000000000002de0       0x1f ./drivers/fsl_dac.o
 *fill*         0x0000000000002dff        0x1 ff
 .rodata.DAC_SetBufferValue.str1.4
                0x0000000000002e00       0x27 ./drivers/fsl_dac.o
 *fill*         0x0000000000002e27        0x1 ff
 .rodata.DAC_SetBufferReadPointer.str1.4
                0x0000000000002e28       0x27 ./drivers/fsl_dac.o
 *fill*         0x0000000000002e4f        0x1 ff
 .rodata.s_uartBases
                0x0000000000002e50       0x18 ./drivers/fsl_uart.o
 .rodata.s_uartClock
                0x0000000000002e68       0x18 ./drivers/fsl_uart.o
 .rodata.UART_GetInstance.str1.4
                0x0000000000002e80       0x2b ./drivers/fsl_uart.o
 *fill*         0x0000000000002eab        0x1 ff
 .rodata.UART_Init.str1.4
                0x0000000000002eac       0xfb ./drivers/fsl_uart.o
 *fill*         0x0000000000002fa7        0x1 ff
 .rodata.UART_GetDefaultConfig.str1.4
                0x0000000000002fa8       0x20 ./drivers/fsl_uart.o
 .rodata.mcgConfig_BOARD_BootClockRUN
                0x0000000000002fc8        0xb ./board/clock_config.o
                0x0000000000002fc8                mcgConfig_BOARD_BootClockRUN
 *fill*         0x0000000000002fd3        0x1 ff
 .rodata.simConfig_BOARD_BootClockRUN
                0x0000000000002fd4        0x8 ./board/clock_config.o
                0x0000000000002fd4                simConfig_BOARD_BootClockRUN
 .rodata.oscConfig_BOARD_BootClockRUN
                0x0000000000002fdc        0x8 ./board/clock_config.o
                0x0000000000002fdc                oscConfig_BOARD_BootClockRUN
 .rodata.PORT_SetPinConfig.str1.4
                0x0000000000002fe4       0x8c ./board/pin_mux.o
 .rodata.__num_Ciob_streams
                0x0000000000003070        0x4 /usr/local/mcuxpressoide-11.5.0_7232/ide/plugins/com.nxp.mcuxpresso.tools.linux_11.5.0.202107051138/tools/bin/../lib/gcc/arm-none-eabi/10.3.1/../../../../arm-none-eabi/lib/thumb/v7e-m+fp/hard/libcr_nohost_nf.a(__ciob.o)
                0x0000000000003070                __num_Ciob_streams
 .rodata.__assertion_failed.str1.1
                0x0000000000003074       0x15 /usr/local/mcuxpressoide-11.5.0_7232/ide/plugins/com.nxp.mcuxpresso.tools.linux_11.5.0.202107051138/tools/bin/../lib/gcc/arm-none-eabi/10.3.1/../../../../arm-none-eabi/lib/thumb/v7e-m+fp/hard/libcr_nohost_nf.a(_cr_assert.o)
 .rodata._Csys_alloc.str1.1
                0x0000000000003089       0x18 /usr/local/mcuxpressoide-11.5.0_7232/ide/plugins/com.nxp.mcuxpresso.tools.linux_11.5.0.202107051138/tools/bin/../lib/gcc/arm-none-eabi/10.3.1/../../../../arm-none-eabi/lib/thumb/v7e-m+fp/hard/libcr_c.a(alloc.o)
 .rodata._initio.str1.1
                0x00000000000030a1        0x4 /usr/local/mcuxpressoide-11.5.0_7232/ide/plugins/com.nxp.mcuxpresso.tools.linux_11.5.0.202107051138/tools/bin/../lib/gcc/arm-none-eabi/10.3.1/../../../../arm-none-eabi/lib/thumb/v7e-m+fp/hard/libcr_c.a(initio.o)
                0x00000000000030a8                . = ALIGN (0x8)
 *fill*         0x00000000000030a5        0x3 ff

.glue_7         0x00000000000030a8        0x0
 .glue_7        0x00000000000030a8        0x0 linker stubs

.glue_7t        0x00000000000030a8        0x0
 .glue_7t       0x00000000000030a8        0x0 linker stubs

.vfp11_veneer   0x00000000000030a8        0x0
 .vfp11_veneer  0x00000000000030a8        0x0 linker stubs

.v4_bx          0x00000000000030a8        0x0
 .v4_bx         0x00000000000030a8        0x0 linker stubs

.iplt           0x00000000000030a8        0x0
 .iplt          0x00000000000030a8        0x0 ./startup/startup_mk64f12.o

.rel.dyn        0x00000000000030a8        0x0
 .rel.iplt      0x00000000000030a8        0x0 ./startup/startup_mk64f12.o

.ARM.extab
 *(SORT_BY_ALIGNMENT(.ARM.extab*) SORT_BY_ALIGNMENT(.gnu.linkonce.armextab.*))

.ARM.exidx      0x00000000000030a8        0x0
                0x00000000000030a8                __exidx_start = .
 *(SORT_BY_ALIGNMENT(.ARM.exidx*) SORT_BY_ALIGNMENT(.gnu.linkonce.armexidx.*))
                0x00000000000030a8                __exidx_end = .
                0x00000000000030a8                _etext = .

.m_usb_data
 *(SORT_BY_ALIGNMENT(m_usb_bdt))

.data_RAM2      0x000000001fff0000        0x0 load address 0x00000000000030a8
 FILL mask 0xff
                [!provide]                        PROVIDE (__start_data_RAM2 = .)
                [!provide]                        PROVIDE (__start_data_SRAM_LOWER = .)
 *(SORT_BY_ALIGNMENT(.ramfunc.$RAM2))
 *(SORT_BY_ALIGNMENT(.ramfunc.$SRAM_LOWER))
 *(SORT_BY_ALIGNMENT(.data.$RAM2))
 *(SORT_BY_ALIGNMENT(.data.$SRAM_LOWER))
 *(SORT_BY_ALIGNMENT(.data.$RAM2.*))
 *(SORT_BY_ALIGNMENT(.data.$SRAM_LOWER.*))
                0x000000001fff0000                . = ALIGN (0x8)
                [!provide]                        PROVIDE (__end_data_RAM2 = .)
                [!provide]                        PROVIDE (__end_data_SRAM_LOWER = .)

.data_RAM3      0x0000000014000000        0x0 load address 0x00000000000030a8
 FILL mask 0xff
                [!provide]                        PROVIDE (__start_data_RAM3 = .)
                [!provide]                        PROVIDE (__start_data_FLEX_RAM = .)
 *(SORT_BY_ALIGNMENT(.ramfunc.$RAM3))
 *(SORT_BY_ALIGNMENT(.ramfunc.$FLEX_RAM))
 *(SORT_BY_ALIGNMENT(.data.$RAM3))
 *(SORT_BY_ALIGNMENT(.data.$FLEX_RAM))
 *(SORT_BY_ALIGNMENT(.data.$RAM3.*))
 *(SORT_BY_ALIGNMENT(.data.$FLEX_RAM.*))
                0x0000000014000000                . = ALIGN (0x8)
                [!provide]                        PROVIDE (__end_data_RAM3 = .)
                [!provide]                        PROVIDE (__end_data_FLEX_RAM = .)

.uninit_RESERVED
                0x0000000020000000        0x0
                0x0000000020000000                _start_uninit_RESERVED = .
 *(SORT_BY_ALIGNMENT(.bss.$RESERVED*))
                0x0000000020000000                . = ALIGN (0x8)
                0x0000000020000000                _end_uninit_RESERVED = .

.data           0x0000000020000000       0x10 load address 0x00000000000030a8
 FILL mask 0xff
                0x0000000020000000                _data = .
                [!provide]                        PROVIDE (__start_data_RAM = .)
                [!provide]                        PROVIDE (__start_data_SRAM_UPPER = .)
 *(SORT_BY_ALIGNMENT(vtable))
 *(SORT_BY_ALIGNMENT(.ramfunc*))
 *(SORT_BY_ALIGNMENT(CodeQuickAccess))
 *(SORT_BY_ALIGNMENT(DataQuickAccess))
 *(SORT_BY_ALIGNMENT(RamFunction))
 *(SORT_BY_ALIGNMENT(.data*))
 .data.s_slowIrcFreq
                0x0000000020000000        0x4 ./drivers/fsl_clock.o
 .data.s_fastIrcFreq
                0x0000000020000004        0x4 ./drivers/fsl_clock.o
 .data.SystemCoreClock
                0x0000000020000008        0x4 ./device/system_MK64F12.o
                0x0000000020000008                SystemCoreClock
                0x0000000020000010                . = ALIGN (0x8)
 *fill*         0x000000002000000c        0x4 ff
                0x0000000020000010                _edata = .
                [!provide]                        PROVIDE (__end_data_RAM = .)
                [!provide]                        PROVIDE (__end_data_SRAM_UPPER = .)

.igot.plt       0x0000000020000010        0x0 load address 0x00000000000030b8
 .igot.plt      0x0000000020000010        0x0 ./startup/startup_mk64f12.o

.bss_RAM2       0x000000001fff0000        0x0
                [!provide]                        PROVIDE (__start_bss_RAM2 = .)
                [!provide]                        PROVIDE (__start_bss_SRAM_LOWER = .)
 *(SORT_BY_ALIGNMENT(.bss.$RAM2))
 *(SORT_BY_ALIGNMENT(.bss.$SRAM_LOWER))
 *(SORT_BY_ALIGNMENT(.bss.$RAM2.*))
 *(SORT_BY_ALIGNMENT(.bss.$SRAM_LOWER.*))
                0x000000001fff0000                . = ALIGN ((. != 0x0)?0x8:0x1)
                [!provide]                        PROVIDE (__end_bss_RAM2 = .)
                [!provide]                        PROVIDE (__end_bss_SRAM_LOWER = .)

.bss_RAM3       0x0000000014000000        0x0
                [!provide]                        PROVIDE (__start_bss_RAM3 = .)
                [!provide]                        PROVIDE (__start_bss_FLEX_RAM = .)
 *(SORT_BY_ALIGNMENT(.bss.$RAM3))
 *(SORT_BY_ALIGNMENT(.bss.$FLEX_RAM))
 *(SORT_BY_ALIGNMENT(.bss.$RAM3.*))
 *(SORT_BY_ALIGNMENT(.bss.$FLEX_RAM.*))
                0x0000000014000000                . = ALIGN ((. != 0x0)?0x8:0x1)
                [!provide]                        PROVIDE (__end_bss_RAM3 = .)
                [!provide]                        PROVIDE (__end_bss_FLEX_RAM = .)

.bss            0x0000000020000010      0x100
                0x0000000020000010                _bss = .
                [!provide]                        PROVIDE (__start_bss_RAM = .)
                [!provide]                        PROVIDE (__start_bss_SRAM_UPPER = .)
 *(SORT_BY_ALIGNMENT(.bss*))
 .bss.g_xtal0Freq
                0x0000000020000010        0x4 ./drivers/fsl_clock.o
                0x0000000020000010                g_xtal0Freq
 .bss.g_xtal32Freq
                0x0000000020000014        0x4 ./drivers/fsl_clock.o
                0x0000000020000014                g_xtal32Freq
 .bss.s_i2cHandle
                0x0000000020000018        0xc ./drivers/fsl_i2c.o
 .bss.s_i2cMasterIsr
                0x0000000020000024        0x4 ./drivers/fsl_i2c.o
 .bss.s_i2cSlaveIsr
                0x0000000020000028        0x4 ./drivers/fsl_i2c.o
 .bss.s_uartHandle
                0x000000002000002c       0x18 ./drivers/fsl_uart.o
                0x000000002000002c                s_uartHandle
 .bss.s_uartIsr
                0x0000000020000044        0x4 ./drivers/fsl_uart.o
                0x0000000020000044                s_uartIsr
 .bss.__Ciob    0x0000000020000048       0xb4 /usr/local/mcuxpressoide-11.5.0_7232/ide/plugins/com.nxp.mcuxpresso.tools.linux_11.5.0.202107051138/tools/bin/../lib/gcc/arm-none-eabi/10.3.1/../../../../arm-none-eabi/lib/thumb/v7e-m+fp/hard/libcr_nohost_nf.a(__ciob.o)
                0x0000000020000048                __Ciob
 .bss.errno     0x00000000200000fc        0x4 /usr/local/mcuxpressoide-11.5.0_7232/ide/plugins/com.nxp.mcuxpresso.tools.linux_11.5.0.202107051138/tools/bin/../lib/gcc/arm-none-eabi/10.3.1/../../../../arm-none-eabi/lib/thumb/v7e-m+fp/hard/libcr_c.a(errno.o)
                0x00000000200000fc                errno
 .bss.__end_of_heap
                0x0000000020000100        0x4 /usr/local/mcuxpressoide-11.5.0_7232/ide/plugins/com.nxp.mcuxpresso.tools.linux_11.5.0.202107051138/tools/bin/../lib/gcc/arm-none-eabi/10.3.1/../../../../arm-none-eabi/lib/thumb/v7e-m+fp/hard/libcr_c.a(__init_alloc.o)
                0x0000000020000100                __end_of_heap
 .bss.__heaps   0x0000000020000104        0x4 /usr/local/mcuxpressoide-11.5.0_7232/ide/plugins/com.nxp.mcuxpresso.tools.linux_11.5.0.202107051138/tools/bin/../lib/gcc/arm-none-eabi/10.3.1/../../../../arm-none-eabi/lib/thumb/v7e-m+fp/hard/libcr_c.a(__init_alloc.o)
                0x0000000020000104                __heaps
 .bss.data      0x0000000020000108        0x1 ./source/UART.o
 .bss.flag      0x0000000020000109        0x1 ./source/UART.o
 *(SORT_BY_ALIGNMENT(COMMON))
                0x0000000020000110                . = ALIGN (0x8)
 *fill*         0x000000002000010a        0x6 
                0x0000000020000110                _ebss = .
                [!provide]                        PROVIDE (__end_bss_RAM = .)
                [!provide]                        PROVIDE (__end_bss_SRAM_UPPER = .)
                [!provide]                        PROVIDE (end = .)

.noinit_RAM2    0x000000001fff0000        0x0
                [!provide]                        PROVIDE (__start_noinit_RAM2 = .)
                [!provide]                        PROVIDE (__start_noinit_SRAM_LOWER = .)
 *(SORT_BY_ALIGNMENT(.noinit.$RAM2))
 *(SORT_BY_ALIGNMENT(.noinit.$SRAM_LOWER))
 *(SORT_BY_ALIGNMENT(.noinit.$RAM2.*))
 *(SORT_BY_ALIGNMENT(.noinit.$SRAM_LOWER.*))
                0x000000001fff0000                . = ALIGN (0x8)
                [!provide]                        PROVIDE (__end_noinit_RAM2 = .)
                [!provide]                        PROVIDE (__end_noinit_SRAM_LOWER = .)

.noinit_RAM3    0x0000000014000000        0x0
                [!provide]                        PROVIDE (__start_noinit_RAM3 = .)
                [!provide]                        PROVIDE (__start_noinit_FLEX_RAM = .)
 *(SORT_BY_ALIGNMENT(.noinit.$RAM3))
 *(SORT_BY_ALIGNMENT(.noinit.$FLEX_RAM))
 *(SORT_BY_ALIGNMENT(.noinit.$RAM3.*))
 *(SORT_BY_ALIGNMENT(.noinit.$FLEX_RAM.*))
                0x0000000014000000                . = ALIGN (0x8)
                [!provide]                        PROVIDE (__end_noinit_RAM3 = .)
                [!provide]                        PROVIDE (__end_noinit_FLEX_RAM = .)

.noinit         0x0000000020000110        0x0
                0x0000000020000110                _noinit = .
                [!provide]                        PROVIDE (__start_noinit_RAM = .)
                [!provide]                        PROVIDE (__start_noinit_SRAM_UPPER = .)
 *(SORT_BY_ALIGNMENT(.noinit*))
                0x0000000020000110                . = ALIGN (0x8)
                0x0000000020000110                _end_noinit = .
                [!provide]                        PROVIDE (__end_noinit_RAM = .)
                [!provide]                        PROVIDE (__end_noinit_SRAM_UPPER = .)
                0x0000000000001000                _HeapSize = 0x1000

.heap           0x0000000020000110     0x1000
                0x0000000020000110                _pvHeapStart = .
                0x0000000020001110                . = (. + _HeapSize)
 *fill*         0x0000000020000110     0x1000 
                0x0000000020001110                . = ALIGN (0x8)
                0x0000000020001110                _pvHeapLimit = .
                0x0000000000001000                _StackSize = 0x1000

.heap2stackfill
                0x0000000020001110     0x1000
                0x0000000020002110                . = (. + _StackSize)
 *fill*         0x0000000020001110     0x1000 

.stack          0x000000002002f000        0x0
                0x000000002002f000                _vStackBase = .
                0x000000002002f000                . = ALIGN (0x8)
                0x0000000020030000                _vStackTop = (. + _StackSize)
                0x0000000000000000                _image_start = LOADADDR (.text)
                0x00000000000030b8                _image_end = (LOADADDR (.data) + SIZEOF (.data))
                0x00000000000030b8                _image_size = (_image_end - _image_start)
OUTPUT(Tarea_DAC.axf elf32-littlearm)
LOAD linker stubs

.debug_info     0x0000000000000000     0xa724
 .debug_info    0x0000000000000000      0x93a ./startup/startup_mk64f12.o
 .debug_info    0x000000000000093a      0x206 ./source/DAC.o
 .debug_info    0x0000000000000b40      0xea3 ./source/UART.o
 .debug_info    0x00000000000019e3      0x423 ./source/main.o
 .debug_info    0x0000000000001e06       0x3c ./source/semihost_hardfault.o
 .debug_info    0x0000000000001e42     0x21c3 ./drivers/fsl_clock.o
 .debug_info    0x0000000000004005      0xaa2 ./drivers/fsl_dac.o
 .debug_info    0x0000000000004aa7     0x1e92 ./drivers/fsl_i2c.o
 .debug_info    0x0000000000006939     0x1f90 ./drivers/fsl_uart.o
 .debug_info    0x00000000000088c9      0x649 ./device/system_MK64F12.o
 .debug_info    0x0000000000008f12      0xbda ./board/clock_config.o
 .debug_info    0x0000000000009aec      0xc38 ./board/pin_mux.o

.debug_abbrev   0x0000000000000000     0x1933
 .debug_abbrev  0x0000000000000000      0x185 ./startup/startup_mk64f12.o
 .debug_abbrev  0x0000000000000185      0x136 ./source/DAC.o
 .debug_abbrev  0x00000000000002bb      0x29c ./source/UART.o
 .debug_abbrev  0x0000000000000557       0xc3 ./source/main.o
 .debug_abbrev  0x000000000000061a       0x31 ./source/semihost_hardfault.o
 .debug_abbrev  0x000000000000064b      0x359 ./drivers/fsl_clock.o
 .debug_abbrev  0x00000000000009a4      0x221 ./drivers/fsl_dac.o
 .debug_abbrev  0x0000000000000bc5      0x363 ./drivers/fsl_i2c.o
 .debug_abbrev  0x0000000000000f28      0x42e ./drivers/fsl_uart.o
 .debug_abbrev  0x0000000000001356      0x148 ./device/system_MK64F12.o
 .debug_abbrev  0x000000000000149e      0x214 ./board/clock_config.o
 .debug_abbrev  0x00000000000016b2      0x281 ./board/pin_mux.o

.debug_aranges  0x0000000000000000      0xaf8
 .debug_aranges
                0x0000000000000000      0x330 ./startup/startup_mk64f12.o
 .debug_aranges
                0x0000000000000330       0x30 ./source/DAC.o
 .debug_aranges
                0x0000000000000360       0x88 ./source/UART.o
 .debug_aranges
                0x00000000000003e8       0x20 ./source/main.o
 .debug_aranges
                0x0000000000000408       0x20 ./source/semihost_hardfault.o
 .debug_aranges
                0x0000000000000428      0x1f8 ./drivers/fsl_clock.o
 .debug_aranges
                0x0000000000000620       0x90 ./drivers/fsl_dac.o
 .debug_aranges
                0x00000000000006b0      0x180 ./drivers/fsl_i2c.o
 .debug_aranges
                0x0000000000000830      0x1b8 ./drivers/fsl_uart.o
 .debug_aranges
                0x00000000000009e8       0x30 ./device/system_MK64F12.o
 .debug_aranges
                0x0000000000000a18       0x58 ./board/clock_config.o
 .debug_aranges
                0x0000000000000a70       0x88 ./board/pin_mux.o

.debug_ranges   0x0000000000000000      0xa38
 .debug_ranges  0x0000000000000000      0x320 ./startup/startup_mk64f12.o
 .debug_ranges  0x0000000000000320       0x20 ./source/DAC.o
 .debug_ranges  0x0000000000000340       0x78 ./source/UART.o
 .debug_ranges  0x00000000000003b8       0x10 ./source/main.o
 .debug_ranges  0x00000000000003c8       0x10 ./source/semihost_hardfault.o
 .debug_ranges  0x00000000000003d8      0x1e8 ./drivers/fsl_clock.o
 .debug_ranges  0x00000000000005c0       0x80 ./drivers/fsl_dac.o
 .debug_ranges  0x0000000000000640      0x170 ./drivers/fsl_i2c.o
 .debug_ranges  0x00000000000007b0      0x1a8 ./drivers/fsl_uart.o
 .debug_ranges  0x0000000000000958       0x20 ./device/system_MK64F12.o
 .debug_ranges  0x0000000000000978       0x48 ./board/clock_config.o
 .debug_ranges  0x00000000000009c0       0x78 ./board/pin_mux.o

.debug_macro    0x0000000000000000     0x111c
 .debug_macro   0x0000000000000000       0x29 ./startup/startup_mk64f12.o
 .debug_macro   0x0000000000000029      0x125 ./source/DAC.o
 .debug_macro   0x000000000000014e       0x10 ./source/DAC.o
 .debug_macro   0x000000000000015e       0x1c ./source/DAC.o
 .debug_macro   0x000000000000017a       0x22 ./source/DAC.o
 .debug_macro   0x000000000000019c      0x161 ./source/UART.o
 .debug_macro   0x00000000000002fd       0x10 ./source/UART.o
 .debug_macro   0x000000000000030d       0x16 ./source/UART.o
 .debug_macro   0x0000000000000323       0x16 ./source/UART.o
 .debug_macro   0x0000000000000339       0x16 ./source/UART.o
 .debug_macro   0x000000000000034f      0x1ab ./source/UART.o
 .debug_macro   0x00000000000004fa       0x40 ./source/UART.o
 .debug_macro   0x000000000000053a      0x1ce ./source/UART.o
 .debug_macro   0x0000000000000708      0x169 ./source/main.o
 .debug_macro   0x0000000000000871       0x11 ./source/semihost_hardfault.o
 .debug_macro   0x0000000000000882      0x1d8 ./drivers/fsl_clock.o
 .debug_macro   0x0000000000000a5a      0x122 ./drivers/fsl_dac.o
 .debug_macro   0x0000000000000b7c      0x121 ./drivers/fsl_i2c.o
 .debug_macro   0x0000000000000c9d       0x1c ./drivers/fsl_i2c.o
 .debug_macro   0x0000000000000cb9      0x127 ./drivers/fsl_uart.o
 .debug_macro   0x0000000000000de0       0x98 ./device/system_MK64F12.o
 .debug_macro   0x0000000000000e78      0x17d ./board/clock_config.o
 .debug_macro   0x0000000000000ff5      0x127 ./board/pin_mux.o

.debug_line     0x0000000000000000     0x6dae
 .debug_line    0x0000000000000000      0x911 ./startup/startup_mk64f12.o
 .debug_line    0x0000000000000911      0x436 ./source/DAC.o
 .debug_line    0x0000000000000d47      0x650 ./source/UART.o
 .debug_line    0x0000000000001397      0x571 ./source/main.o
 .debug_line    0x0000000000001908       0x59 ./source/semihost_hardfault.o
 .debug_line    0x0000000000001961     0x1532 ./drivers/fsl_clock.o
 .debug_line    0x0000000000002e93      0x613 ./drivers/fsl_dac.o
 .debug_line    0x00000000000034a6     0x141f ./drivers/fsl_i2c.o
 .debug_line    0x00000000000048c5     0x150c ./drivers/fsl_uart.o
 .debug_line    0x0000000000005dd1      0x418 ./device/system_MK64F12.o
 .debug_line    0x00000000000061e9      0x4ec ./board/clock_config.o
 .debug_line    0x00000000000066d5      0x6d9 ./board/pin_mux.o

.debug_str      0x0000000000000000    0x81510
 .debug_str     0x0000000000000000     0x35aa ./startup/startup_mk64f12.o
                                       0x3656 (size before relaxing)
 .debug_str     0x00000000000035aa    0x77021 ./source/DAC.o
                                      0x79e98 (size before relaxing)
 .debug_str     0x000000000007a5cb     0x2b17 ./source/UART.o
                                      0x7c918 (size before relaxing)
 .debug_str     0x000000000007d0e2      0x122 ./source/main.o
                                      0x7a8e0 (size before relaxing)
 .debug_str     0x000000000007d204       0x1f ./source/semihost_hardfault.o
                                       0x2dfb (size before relaxing)
 .debug_str     0x000000000007d223     0x1cbd ./drivers/fsl_clock.o
                                      0x7c552 (size before relaxing)
 .debug_str     0x000000000007eee0      0x334 ./drivers/fsl_dac.o
                                      0x7ad46 (size before relaxing)
 .debug_str     0x000000000007f214      0xcdb ./drivers/fsl_i2c.o
                                      0x7bc41 (size before relaxing)
 .debug_str     0x000000000007feef      0x8ed ./drivers/fsl_uart.o
                                      0x7be8c (size before relaxing)
 .debug_str     0x00000000000807dc      0x127 ./device/system_MK64F12.o
                                      0x7843b (size before relaxing)
 .debug_str     0x0000000000080903      0x49d ./board/clock_config.o
                                      0x7af90 (size before relaxing)
 .debug_str     0x0000000000080da0      0x770 ./board/pin_mux.o
                                      0x7af98 (size before relaxing)

.comment        0x0000000000000000       0x49
 .comment       0x0000000000000000       0x49 ./startup/startup_mk64f12.o
                                         0x4a (size before relaxing)
 .comment       0x0000000000000049       0x4a ./source/DAC.o
 .comment       0x0000000000000049       0x4a ./source/UART.o
 .comment       0x0000000000000049       0x4a ./source/main.o
 .comment       0x0000000000000049       0x4a ./source/semihost_hardfault.o
 .comment       0x0000000000000049       0x4a ./drivers/fsl_clock.o
 .comment       0x0000000000000049       0x4a ./drivers/fsl_dac.o
 .comment       0x0000000000000049       0x4a ./drivers/fsl_i2c.o
 .comment       0x0000000000000049       0x4a ./drivers/fsl_uart.o
 .comment       0x0000000000000049       0x4a ./device/system_MK64F12.o
 .comment       0x0000000000000049       0x4a ./board/clock_config.o
 .comment       0x0000000000000049       0x4a ./board/pin_mux.o
 .comment       0x0000000000000049       0x4a /usr/local/mcuxpressoide-11.5.0_7232/ide/plugins/com.nxp.mcuxpresso.tools.linux_11.5.0.202107051138/tools/bin/../lib/gcc/arm-none-eabi/10.3.1/../../../../arm-none-eabi/lib/thumb/v7e-m+fp/hard/libcr_nohost_nf.a(_cr__main.o)
 .comment       0x0000000000000049       0x4a /usr/local/mcuxpressoide-11.5.0_7232/ide/plugins/com.nxp.mcuxpresso.tools.linux_11.5.0.202107051138/tools/bin/../lib/gcc/arm-none-eabi/10.3.1/../../../../arm-none-eabi/lib/thumb/v7e-m+fp/hard/libcr_nohost_nf.a(_cr_assert.o)
 .comment       0x0000000000000049       0x4a /usr/local/mcuxpressoide-11.5.0_7232/ide/plugins/com.nxp.mcuxpresso.tools.linux_11.5.0.202107051138/tools/bin/../lib/gcc/arm-none-eabi/10.3.1/../../../../arm-none-eabi/lib/thumb/v7e-m+fp/hard/libcr_nohost_nf.a(__ciob.o)
 .comment       0x0000000000000049       0x4a /usr/local/mcuxpressoide-11.5.0_7232/ide/plugins/com.nxp.mcuxpresso.tools.linux_11.5.0.202107051138/tools/bin/../lib/gcc/arm-none-eabi/10.3.1/../../../../arm-none-eabi/lib/thumb/v7e-m+fp/hard/libcr_nohost_nf.a(__sys_appexit.o)
 .comment       0x0000000000000049       0x4a /usr/local/mcuxpressoide-11.5.0_7232/ide/plugins/com.nxp.mcuxpresso.tools.linux_11.5.0.202107051138/tools/bin/../lib/gcc/arm-none-eabi/10.3.1/../../../../arm-none-eabi/lib/thumb/v7e-m+fp/hard/libcr_c.a(memcpy.o)
 .comment       0x0000000000000049       0x4a /usr/local/mcuxpressoide-11.5.0_7232/ide/plugins/com.nxp.mcuxpresso.tools.linux_11.5.0.202107051138/tools/bin/../lib/gcc/arm-none-eabi/10.3.1/../../../../arm-none-eabi/lib/thumb/v7e-m+fp/hard/libcr_c.a(memset.o)
 .comment       0x0000000000000049       0x4a /usr/local/mcuxpressoide-11.5.0_7232/ide/plugins/com.nxp.mcuxpresso.tools.linux_11.5.0.202107051138/tools/bin/../lib/gcc/arm-none-eabi/10.3.1/../../../../arm-none-eabi/lib/thumb/v7e-m+fp/hard/libcr_c.a(_deferredlazyseek.o)
 .comment       0x0000000000000049       0x4a /usr/local/mcuxpressoide-11.5.0_7232/ide/plugins/com.nxp.mcuxpresso.tools.linux_11.5.0.202107051138/tools/bin/../lib/gcc/arm-none-eabi/10.3.1/../../../../arm-none-eabi/lib/thumb/v7e-m+fp/hard/libcr_c.a(_fflush.o)
 .comment       0x0000000000000049       0x4a /usr/local/mcuxpressoide-11.5.0_7232/ide/plugins/com.nxp.mcuxpresso.tools.linux_11.5.0.202107051138/tools/bin/../lib/gcc/arm-none-eabi/10.3.1/../../../../arm-none-eabi/lib/thumb/v7e-m+fp/hard/libcr_c.a(_writebuf.o)
 .comment       0x0000000000000049       0x4a /usr/local/mcuxpressoide-11.5.0_7232/ide/plugins/com.nxp.mcuxpresso.tools.linux_11.5.0.202107051138/tools/bin/../lib/gcc/arm-none-eabi/10.3.1/../../../../arm-none-eabi/lib/thumb/v7e-m+fp/hard/libcr_c.a(alloc.o)
 .comment       0x0000000000000049       0x4a /usr/local/mcuxpressoide-11.5.0_7232/ide/plugins/com.nxp.mcuxpresso.tools.linux_11.5.0.202107051138/tools/bin/../lib/gcc/arm-none-eabi/10.3.1/../../../../arm-none-eabi/lib/thumb/v7e-m+fp/hard/libcr_c.a(errno.o)
 .comment       0x0000000000000049       0x4a /usr/local/mcuxpressoide-11.5.0_7232/ide/plugins/com.nxp.mcuxpresso.tools.linux_11.5.0.202107051138/tools/bin/../lib/gcc/arm-none-eabi/10.3.1/../../../../arm-none-eabi/lib/thumb/v7e-m+fp/hard/libcr_c.a(fputs.o)
 .comment       0x0000000000000049       0x4a /usr/local/mcuxpressoide-11.5.0_7232/ide/plugins/com.nxp.mcuxpresso.tools.linux_11.5.0.202107051138/tools/bin/../lib/gcc/arm-none-eabi/10.3.1/../../../../arm-none-eabi/lib/thumb/v7e-m+fp/hard/libcr_c.a(fseek.o)
 .comment       0x0000000000000049       0x4a /usr/local/mcuxpressoide-11.5.0_7232/ide/plugins/com.nxp.mcuxpresso.tools.linux_11.5.0.202107051138/tools/bin/../lib/gcc/arm-none-eabi/10.3.1/../../../../arm-none-eabi/lib/thumb/v7e-m+fp/hard/libcr_c.a(ftell.o)
 .comment       0x0000000000000049       0x4a /usr/local/mcuxpressoide-11.5.0_7232/ide/plugins/com.nxp.mcuxpresso.tools.linux_11.5.0.202107051138/tools/bin/../lib/gcc/arm-none-eabi/10.3.1/../../../../arm-none-eabi/lib/thumb/v7e-m+fp/hard/libcr_c.a(initio.o)
 .comment       0x0000000000000049       0x4a /usr/local/mcuxpressoide-11.5.0_7232/ide/plugins/com.nxp.mcuxpresso.tools.linux_11.5.0.202107051138/tools/bin/../lib/gcc/arm-none-eabi/10.3.1/../../../../arm-none-eabi/lib/thumb/v7e-m+fp/hard/libcr_c.a(setvbuf.o)
 .comment       0x0000000000000049       0x4a /usr/local/mcuxpressoide-11.5.0_7232/ide/plugins/com.nxp.mcuxpresso.tools.linux_11.5.0.202107051138/tools/bin/../lib/gcc/arm-none-eabi/10.3.1/../../../../arm-none-eabi/lib/thumb/v7e-m+fp/hard/libcr_c.a(strlen.o)
 .comment       0x0000000000000049       0x4a /usr/local/mcuxpressoide-11.5.0_7232/ide/plugins/com.nxp.mcuxpresso.tools.linux_11.5.0.202107051138/tools/bin/../lib/gcc/arm-none-eabi/10.3.1/../../../../arm-none-eabi/lib/thumb/v7e-m+fp/hard/libcr_c.a(__init_alloc.o)
 .comment       0x0000000000000049       0x4a /usr/local/mcuxpressoide-11.5.0_7232/ide/plugins/com.nxp.mcuxpresso.tools.linux_11.5.0.202107051138/tools/bin/../lib/gcc/arm-none-eabi/10.3.1/../../../../arm-none-eabi/lib/thumb/v7e-m+fp/hard/libcr_c.a(_cr_sbrk.o)
 .comment       0x0000000000000049       0x4a /usr/local/mcuxpressoide-11.5.0_7232/ide/plugins/com.nxp.mcuxpresso.tools.linux_11.5.0.202107051138/tools/bin/../lib/gcc/arm-none-eabi/10.3.1/../../../../arm-none-eabi/lib/thumb/v7e-m+fp/hard/libcr_c.a(_fdopen.o)
 .comment       0x0000000000000049       0x4a /usr/local/mcuxpressoide-11.5.0_7232/ide/plugins/com.nxp.mcuxpresso.tools.linux_11.5.0.202107051138/tools/bin/../lib/gcc/arm-none-eabi/10.3.1/../../../../arm-none-eabi/lib/thumb/v7e-m+fp/hard/libcr_c.a(fclose.o)
 .comment       0x0000000000000049       0x4a /usr/local/mcuxpressoide-11.5.0_7232/ide/plugins/com.nxp.mcuxpresso.tools.linux_11.5.0.202107051138/tools/bin/../lib/gcc/arm-none-eabi/10.3.1/../../../../arm-none-eabi/lib/thumb/v7e-m+fp/hard/libcr_c.a(fflush.o)
 .comment       0x0000000000000049       0x4a /usr/local/mcuxpressoide-11.5.0_7232/ide/plugins/com.nxp.mcuxpresso.tools.linux_11.5.0.202107051138/tools/bin/../lib/gcc/arm-none-eabi/10.3.1/../../../../arm-none-eabi/lib/thumb/v7e-m+fp/hard/libcr_c.a(remove.o)
 .comment       0x0000000000000049       0x4a /usr/local/mcuxpressoide-11.5.0_7232/ide/plugins/com.nxp.mcuxpresso.tools.linux_11.5.0.202107051138/tools/bin/../lib/gcc/arm-none-eabi/10.3.1/../../../../arm-none-eabi/lib/thumb/v7e-m+fp/hard/libcr_c.a(_cr_check_heap.o)
 .comment       0x0000000000000049       0x4a /usr/local/mcuxpressoide-11.5.0_7232/ide/plugins/com.nxp.mcuxpresso.tools.linux_11.5.0.202107051138/tools/bin/../lib/gcc/arm-none-eabi/10.3.1/../../../../arm-none-eabi/lib/thumb/v7e-m+fp/hard/libcr_c.a(_do_fflush.o)
 .comment       0x0000000000000049       0x4a /usr/local/mcuxpressoide-11.5.0_7232/ide/plugins/com.nxp.mcuxpresso.tools.linux_11.5.0.202107051138/tools/bin/../lib/gcc/arm-none-eabi/10.3.1/thumb/v7e-m+fp/hard/libcr_eabihelpers.a(double.o)
 .comment       0x0000000000000049       0x4a /usr/local/mcuxpressoide-11.5.0_7232/ide/plugins/com.nxp.mcuxpresso.tools.linux_11.5.0.202107051138/tools/bin/../lib/gcc/arm-none-eabi/10.3.1/thumb/v7e-m+fp/hard/libcr_eabihelpers.a(float.o)
 .comment       0x0000000000000049       0x4a /usr/local/mcuxpressoide-11.5.0_7232/ide/plugins/com.nxp.mcuxpresso.tools.linux_11.5.0.202107051138/tools/bin/../lib/gcc/arm-none-eabi/10.3.1/../../../../arm-none-eabi/lib/thumb/v7e-m+fp/hard/libcr_nohost_nf.a(__sys_close.o)
 .comment       0x0000000000000049       0x4a /usr/local/mcuxpressoide-11.5.0_7232/ide/plugins/com.nxp.mcuxpresso.tools.linux_11.5.0.202107051138/tools/bin/../lib/gcc/arm-none-eabi/10.3.1/../../../../arm-none-eabi/lib/thumb/v7e-m+fp/hard/libcr_nohost_nf.a(__sys_flen.o)
 .comment       0x0000000000000049       0x4a /usr/local/mcuxpressoide-11.5.0_7232/ide/plugins/com.nxp.mcuxpresso.tools.linux_11.5.0.202107051138/tools/bin/../lib/gcc/arm-none-eabi/10.3.1/../../../../arm-none-eabi/lib/thumb/v7e-m+fp/hard/libcr_nohost_nf.a(__sys_istty.o)
 .comment       0x0000000000000049       0x4a /usr/local/mcuxpressoide-11.5.0_7232/ide/plugins/com.nxp.mcuxpresso.tools.linux_11.5.0.202107051138/tools/bin/../lib/gcc/arm-none-eabi/10.3.1/../../../../arm-none-eabi/lib/thumb/v7e-m+fp/hard/libcr_nohost_nf.a(__sys_remove.o)
 .comment       0x0000000000000049       0x4a /usr/local/mcuxpressoide-11.5.0_7232/ide/plugins/com.nxp.mcuxpresso.tools.linux_11.5.0.202107051138/tools/bin/../lib/gcc/arm-none-eabi/10.3.1/../../../../arm-none-eabi/lib/thumb/v7e-m+fp/hard/libcr_nohost_nf.a(__sys_seek.o)
 .comment       0x0000000000000049       0x4a /usr/local/mcuxpressoide-11.5.0_7232/ide/plugins/com.nxp.mcuxpresso.tools.linux_11.5.0.202107051138/tools/bin/../lib/gcc/arm-none-eabi/10.3.1/../../../../arm-none-eabi/lib/thumb/v7e-m+fp/hard/libcr_nohost_nf.a(__sys_tmpnam.o)
 .comment       0x0000000000000049       0x4a /usr/local/mcuxpressoide-11.5.0_7232/ide/plugins/com.nxp.mcuxpresso.tools.linux_11.5.0.202107051138/tools/bin/../lib/gcc/arm-none-eabi/10.3.1/../../../../arm-none-eabi/lib/thumb/v7e-m+fp/hard/libcr_nohost_nf.a(__sys_write.o)

.ARM.attributes
                0x0000000000000000       0x32
 .ARM.attributes
                0x0000000000000000       0x34 ./startup/startup_mk64f12.o
 .ARM.attributes
                0x0000000000000034       0x34 ./source/DAC.o
 .ARM.attributes
                0x0000000000000068       0x34 ./source/UART.o
 .ARM.attributes
                0x000000000000009c       0x34 ./source/main.o
 .ARM.attributes
                0x00000000000000d0       0x34 ./source/semihost_hardfault.o
 .ARM.attributes
                0x0000000000000104       0x34 ./drivers/fsl_clock.o
 .ARM.attributes
                0x0000000000000138       0x34 ./drivers/fsl_dac.o
 .ARM.attributes
                0x000000000000016c       0x34 ./drivers/fsl_i2c.o
 .ARM.attributes
                0x00000000000001a0       0x34 ./drivers/fsl_uart.o
 .ARM.attributes
                0x00000000000001d4       0x34 ./device/system_MK64F12.o
 .ARM.attributes
                0x0000000000000208       0x34 ./board/clock_config.o
 .ARM.attributes
                0x000000000000023c       0x34 ./board/pin_mux.o
 .ARM.attributes
                0x0000000000000270       0x34 /usr/local/mcuxpressoide-11.5.0_7232/ide/plugins/com.nxp.mcuxpresso.tools.linux_11.5.0.202107051138/tools/bin/../lib/gcc/arm-none-eabi/10.3.1/../../../../arm-none-eabi/lib/thumb/v7e-m+fp/hard/libcr_nohost_nf.a(_cr__main.o)
 .ARM.attributes
                0x00000000000002a4       0x34 /usr/local/mcuxpressoide-11.5.0_7232/ide/plugins/com.nxp.mcuxpresso.tools.linux_11.5.0.202107051138/tools/bin/../lib/gcc/arm-none-eabi/10.3.1/../../../../arm-none-eabi/lib/thumb/v7e-m+fp/hard/libcr_nohost_nf.a(_cr_assert.o)
 .ARM.attributes
                0x00000000000002d8       0x39 /usr/local/mcuxpressoide-11.5.0_7232/ide/plugins/com.nxp.mcuxpresso.tools.linux_11.5.0.202107051138/tools/bin/../lib/gcc/arm-none-eabi/10.3.1/../../../../arm-none-eabi/lib/thumb/v7e-m+fp/hard/libcr_nohost_nf.a(__ciob.o)
 .ARM.attributes
                0x0000000000000311       0x34 /usr/local/mcuxpressoide-11.5.0_7232/ide/plugins/com.nxp.mcuxpresso.tools.linux_11.5.0.202107051138/tools/bin/../lib/gcc/arm-none-eabi/10.3.1/../../../../arm-none-eabi/lib/thumb/v7e-m+fp/hard/libcr_nohost_nf.a(__sys_appexit.o)
 .ARM.attributes
                0x0000000000000345       0x34 /usr/local/mcuxpressoide-11.5.0_7232/ide/plugins/com.nxp.mcuxpresso.tools.linux_11.5.0.202107051138/tools/bin/../lib/gcc/arm-none-eabi/10.3.1/../../../../arm-none-eabi/lib/thumb/v7e-m+fp/hard/libcr_c.a(memcpy.o)
 .ARM.attributes
                0x0000000000000379       0x34 /usr/local/mcuxpressoide-11.5.0_7232/ide/plugins/com.nxp.mcuxpresso.tools.linux_11.5.0.202107051138/tools/bin/../lib/gcc/arm-none-eabi/10.3.1/../../../../arm-none-eabi/lib/thumb/v7e-m+fp/hard/libcr_c.a(memset.o)
 .ARM.attributes
                0x00000000000003ad       0x34 /usr/local/mcuxpressoide-11.5.0_7232/ide/plugins/com.nxp.mcuxpresso.tools.linux_11.5.0.202107051138/tools/bin/../lib/gcc/arm-none-eabi/10.3.1/../../../../arm-none-eabi/lib/thumb/v7e-m+fp/hard/libcr_c.a(_deferredlazyseek.o)
 .ARM.attributes
                0x00000000000003e1       0x34 /usr/local/mcuxpressoide-11.5.0_7232/ide/plugins/com.nxp.mcuxpresso.tools.linux_11.5.0.202107051138/tools/bin/../lib/gcc/arm-none-eabi/10.3.1/../../../../arm-none-eabi/lib/thumb/v7e-m+fp/hard/libcr_c.a(_fflush.o)
 .ARM.attributes
                0x0000000000000415       0x34 /usr/local/mcuxpressoide-11.5.0_7232/ide/plugins/com.nxp.mcuxpresso.tools.linux_11.5.0.202107051138/tools/bin/../lib/gcc/arm-none-eabi/10.3.1/../../../../arm-none-eabi/lib/thumb/v7e-m+fp/hard/libcr_c.a(_writebuf.o)
 .ARM.attributes
                0x0000000000000449       0x34 /usr/local/mcuxpressoide-11.5.0_7232/ide/plugins/com.nxp.mcuxpresso.tools.linux_11.5.0.202107051138/tools/bin/../lib/gcc/arm-none-eabi/10.3.1/../../../../arm-none-eabi/lib/thumb/v7e-m+fp/hard/libcr_c.a(alloc.o)
 .ARM.attributes
                0x000000000000047d       0x39 /usr/local/mcuxpressoide-11.5.0_7232/ide/plugins/com.nxp.mcuxpresso.tools.linux_11.5.0.202107051138/tools/bin/../lib/gcc/arm-none-eabi/10.3.1/../../../../arm-none-eabi/lib/thumb/v7e-m+fp/hard/libcr_c.a(errno.o)
 .ARM.attributes
                0x00000000000004b6       0x34 /usr/local/mcuxpressoide-11.5.0_7232/ide/plugins/com.nxp.mcuxpresso.tools.linux_11.5.0.202107051138/tools/bin/../lib/gcc/arm-none-eabi/10.3.1/../../../../arm-none-eabi/lib/thumb/v7e-m+fp/hard/libcr_c.a(fputs.o)
 .ARM.attributes
                0x00000000000004ea       0x34 /usr/local/mcuxpressoide-11.5.0_7232/ide/plugins/com.nxp.mcuxpresso.tools.linux_11.5.0.202107051138/tools/bin/../lib/gcc/arm-none-eabi/10.3.1/../../../../arm-none-eabi/lib/thumb/v7e-m+fp/hard/libcr_c.a(fseek.o)
 .ARM.attributes
                0x000000000000051e       0x34 /usr/local/mcuxpressoide-11.5.0_7232/ide/plugins/com.nxp.mcuxpresso.tools.linux_11.5.0.202107051138/tools/bin/../lib/gcc/arm-none-eabi/10.3.1/../../../../arm-none-eabi/lib/thumb/v7e-m+fp/hard/libcr_c.a(ftell.o)
 .ARM.attributes
                0x0000000000000552       0x34 /usr/local/mcuxpressoide-11.5.0_7232/ide/plugins/com.nxp.mcuxpresso.tools.linux_11.5.0.202107051138/tools/bin/../lib/gcc/arm-none-eabi/10.3.1/../../../../arm-none-eabi/lib/thumb/v7e-m+fp/hard/libcr_c.a(initio.o)
 .ARM.attributes
                0x0000000000000586       0x34 /usr/local/mcuxpressoide-11.5.0_7232/ide/plugins/com.nxp.mcuxpresso.tools.linux_11.5.0.202107051138/tools/bin/../lib/gcc/arm-none-eabi/10.3.1/../../../../arm-none-eabi/lib/thumb/v7e-m+fp/hard/libcr_c.a(setvbuf.o)
 .ARM.attributes
                0x00000000000005ba       0x34 /usr/local/mcuxpressoide-11.5.0_7232/ide/plugins/com.nxp.mcuxpresso.tools.linux_11.5.0.202107051138/tools/bin/../lib/gcc/arm-none-eabi/10.3.1/../../../../arm-none-eabi/lib/thumb/v7e-m+fp/hard/libcr_c.a(strlen.o)
 .ARM.attributes
                0x00000000000005ee       0x34 /usr/local/mcuxpressoide-11.5.0_7232/ide/plugins/com.nxp.mcuxpresso.tools.linux_11.5.0.202107051138/tools/bin/../lib/gcc/arm-none-eabi/10.3.1/../../../../arm-none-eabi/lib/thumb/v7e-m+fp/hard/libcr_c.a(__init_alloc.o)
 .ARM.attributes
                0x0000000000000622       0x34 /usr/local/mcuxpressoide-11.5.0_7232/ide/plugins/com.nxp.mcuxpresso.tools.linux_11.5.0.202107051138/tools/bin/../lib/gcc/arm-none-eabi/10.3.1/../../../../arm-none-eabi/lib/thumb/v7e-m+fp/hard/libcr_c.a(_cr_sbrk.o)
 .ARM.attributes
                0x0000000000000656       0x34 /usr/local/mcuxpressoide-11.5.0_7232/ide/plugins/com.nxp.mcuxpresso.tools.linux_11.5.0.202107051138/tools/bin/../lib/gcc/arm-none-eabi/10.3.1/../../../../arm-none-eabi/lib/thumb/v7e-m+fp/hard/libcr_c.a(_fdopen.o)
 .ARM.attributes
                0x000000000000068a       0x34 /usr/local/mcuxpressoide-11.5.0_7232/ide/plugins/com.nxp.mcuxpresso.tools.linux_11.5.0.202107051138/tools/bin/../lib/gcc/arm-none-eabi/10.3.1/../../../../arm-none-eabi/lib/thumb/v7e-m+fp/hard/libcr_c.a(fclose.o)
 .ARM.attributes
                0x00000000000006be       0x34 /usr/local/mcuxpressoide-11.5.0_7232/ide/plugins/com.nxp.mcuxpresso.tools.linux_11.5.0.202107051138/tools/bin/../lib/gcc/arm-none-eabi/10.3.1/../../../../arm-none-eabi/lib/thumb/v7e-m+fp/hard/libcr_c.a(fflush.o)
 .ARM.attributes
                0x00000000000006f2       0x34 /usr/local/mcuxpressoide-11.5.0_7232/ide/plugins/com.nxp.mcuxpresso.tools.linux_11.5.0.202107051138/tools/bin/../lib/gcc/arm-none-eabi/10.3.1/../../../../arm-none-eabi/lib/thumb/v7e-m+fp/hard/libcr_c.a(remove.o)
 .ARM.attributes
                0x0000000000000726       0x34 /usr/local/mcuxpressoide-11.5.0_7232/ide/plugins/com.nxp.mcuxpresso.tools.linux_11.5.0.202107051138/tools/bin/../lib/gcc/arm-none-eabi/10.3.1/../../../../arm-none-eabi/lib/thumb/v7e-m+fp/hard/libcr_c.a(_cr_check_heap.o)
 .ARM.attributes
                0x000000000000075a       0x34 /usr/local/mcuxpressoide-11.5.0_7232/ide/plugins/com.nxp.mcuxpresso.tools.linux_11.5.0.202107051138/tools/bin/../lib/gcc/arm-none-eabi/10.3.1/../../../../arm-none-eabi/lib/thumb/v7e-m+fp/hard/libcr_c.a(_do_fflush.o)
 .ARM.attributes
                0x000000000000078e       0x34 /usr/local/mcuxpressoide-11.5.0_7232/ide/plugins/com.nxp.mcuxpresso.tools.linux_11.5.0.202107051138/tools/bin/../lib/gcc/arm-none-eabi/10.3.1/thumb/v7e-m+fp/hard/libcr_eabihelpers.a(double.o)
 .ARM.attributes
                0x00000000000007c2       0x34 /usr/local/mcuxpressoide-11.5.0_7232/ide/plugins/com.nxp.mcuxpresso.tools.linux_11.5.0.202107051138/tools/bin/../lib/gcc/arm-none-eabi/10.3.1/thumb/v7e-m+fp/hard/libcr_eabihelpers.a(float.o)
 .ARM.attributes
                0x00000000000007f6       0x20 /usr/local/mcuxpressoide-11.5.0_7232/ide/plugins/com.nxp.mcuxpresso.tools.linux_11.5.0.202107051138/tools/bin/../lib/gcc/arm-none-eabi/10.3.1/thumb/v7e-m+fp/hard/libcr_eabihelpers.a(memcpy.o)
 .ARM.attributes